<html>
<body>
<pre>
<h1>µVision Build Log</h1>
<h2>Tool Versions:</h2>
IDE-Version: µVision V5.29.0.0
Copyright (C) 2019 ARM Ltd and ARM Germany GmbH. All rights reserved.
License Information: Sharpel M, Na, LIC=----
 
Tool Versions:
Toolchain:       MDK-Lite  Version: 5.29.0.0
Toolchain Path:  C:\Keil_v5\ARM\ARMCLANG\Bin
C Compiler:      ArmClang.exe V6.13.1
Assembler:       Armasm.exe V6.13.1
Linker/Locator:  ArmLink.exe V6.13.1
Library Manager: ArmAr.exe V6.13.1
Hex Converter:   FromElf.exe V6.13.1
CPU DLL:         SARMCM3.DLL V5.29.0.0
Dialog DLL:      DCM.DLL V1.17.3.0
Target DLL:      lmidk-agdi.dll V???
Dialog DLL:      TCM.DLL V1.36.5.0
 
<h2>Project:</h2>
D:\4WD_Robot_V2_Tivac\00_Project\4wd_robot.uvprojx
Project File Date:  06/28/2023

<h2>Output:</h2>
*** Using Compiler 'V6.13.1', folder: 'C:\Keil_v5\ARM\ARMCLANG\Bin'
Build target 'Target 1'
APPLICATION/app.c(2): warning: In file included from...
./APPLICATION/app.h(7): warning: In file included from...
./ECUAL/led\led_interface.h(13): warning: In file included from...
./MCAL/gpio\gpio_interface.h(11): warning: In file included from...
C:/Users/sharb/AppData/Local/Arm/Packs/Keil/TM4C_DFP/1.1.0/Device/Include/TM4C123\TM4C123.h(98): warning: In file included from...
C:/Users/sharb/AppData/Local/Arm/Packs/Keil/TM4C_DFP/1.1.0/Device/Include/TM4C123/TM4C123GH6PM.h(298): warning: anonymous unions are a C11 extension [-Wc11-extensions]
  union {
  ^
C:/Users/sharb/AppData/Local/Arm/Packs/Keil/TM4C_DFP/1.1.0/Device/Include/TM4C123/TM4C123GH6PM.h(338): warning: anonymous unions are a C11 extension [-Wc11-extensions]
  union {
  ^
C:/Users/sharb/AppData/Local/Arm/Packs/Keil/TM4C_DFP/1.1.0/Device/Include/TM4C123/TM4C123GH6PM.h(357): warning: anonymous unions are a C11 extension [-Wc11-extensions]
  union {
  ^
C:/Users/sharb/AppData/Local/Arm/Packs/Keil/TM4C_DFP/1.1.0/Device/Include/TM4C123/TM4C123GH6PM.h(713): warning: anonymous unions are a C11 extension [-Wc11-extensions]
  union {
  ^
C:/Users/sharb/AppData/Local/Arm/Packs/Keil/TM4C_DFP/1.1.0/Device/Include/TM4C123/TM4C123GH6PM.h(729): warning: anonymous unions are a C11 extension [-Wc11-extensions]
  union {
  ^
C:/Users/sharb/AppData/Local/Arm/Packs/Keil/TM4C_DFP/1.1.0/Device/Include/TM4C123/TM4C123GH6PM.h(774): warning: anonymous unions are a C11 extension [-Wc11-extensions]
  union {
  ^
C:/Users/sharb/AppData/Local/Arm/Packs/Keil/TM4C_DFP/1.1.0/Device/Include/TM4C123/TM4C123GH6PM.h(779): warning: anonymous unions are a C11 extension [-Wc11-extensions]
  union {
  ^
C:/Users/sharb/AppData/Local/Arm/Packs/Keil/TM4C_DFP/1.1.0/Device/Include/TM4C123/TM4C123GH6PM.h(872): warning: anonymous unions are a C11 extension [-Wc11-extensions]
  union {
  ^
C:/Users/sharb/AppData/Local/Arm/Packs/Keil/TM4C_DFP/1.1.0/Device/Include/TM4C123/TM4C123GH6PM.h(885): warning: anonymous unions are a C11 extension [-Wc11-extensions]
  union {
  ^
C:/Users/sharb/AppData/Local/Arm/Packs/Keil/TM4C_DFP/1.1.0/Device/Include/TM4C123/TM4C123GH6PM.h(892): warning: anonymous unions are a C11 extension [-Wc11-extensions]
  union {
  ^
C:/Users/sharb/AppData/Local/Arm/Packs/Keil/TM4C_DFP/1.1.0/Device/Include/TM4C123/TM4C123GH6PM.h(897): warning: anonymous unions are a C11 extension [-Wc11-extensions]
  union {
  ^
C:/Users/sharb/AppData/Local/Arm/Packs/Keil/TM4C_DFP/1.1.0/Device/Include/TM4C123/TM4C123GH6PM.h(904): warning: anonymous unions are a C11 extension [-Wc11-extensions]
  union {
  ^
C:/Users/sharb/AppData/Local/Arm/Packs/Keil/TM4C_DFP/1.1.0/Device/Include/TM4C123/TM4C123GH6PM.h(910): warning: anonymous unions are a C11 extension [-Wc11-extensions]
  union {
  ^
C:/Users/sharb/AppData/Local/Arm/Packs/Keil/TM4C_DFP/1.1.0/Device/Include/TM4C123/TM4C123GH6PM.h(917): warning: anonymous unions are a C11 extension [-Wc11-extensions]
  union {
  ^
C:/Users/sharb/AppData/Local/Arm/Packs/Keil/TM4C_DFP/1.1.0/Device/Include/TM4C123/TM4C123GH6PM.h(924): warning: anonymous unions are a C11 extension [-Wc11-extensions]
  union {
  ^
C:/Users/sharb/AppData/Local/Arm/Packs/Keil/TM4C_DFP/1.1.0/Device/Include/TM4C123/TM4C123GH6PM.h(929): warning: anonymous unions are a C11 extension [-Wc11-extensions]
  union {
  ^
C:/Users/sharb/AppData/Local/Arm/Packs/Keil/TM4C_DFP/1.1.0/Device/Include/TM4C123/TM4C123GH6PM.h(936): warning: anonymous unions are a C11 extension [-Wc11-extensions]
  union {
  ^
C:/Users/sharb/AppData/Local/Arm/Packs/Keil/TM4C_DFP/1.1.0/Device/Include/TM4C123/TM4C123GH6PM.h(942): warning: anonymous unions are a C11 extension [-Wc11-extensions]
  union {
  ^
C:/Users/sharb/AppData/Local/Arm/Packs/Keil/TM4C_DFP/1.1.0/Device/Include/TM4C123/TM4C123GH6PM.h(949): warning: anonymous unions are a C11 extension [-Wc11-extensions]
  union {
  ^
C:/Users/sharb/AppData/Local/Arm/Packs/Keil/TM4C_DFP/1.1.0/Device/Include/TM4C123/TM4C123GH6PM.h(956): warning: anonymous unions are a C11 extension [-Wc11-extensions]
  union {
  ^
C:/Users/sharb/AppData/Local/Arm/Packs/Keil/TM4C_DFP/1.1.0/Device/Include/TM4C123/TM4C123GH6PM.h(961): warning: anonymous unions are a C11 extension [-Wc11-extensions]
  union {
  ^
C:/Users/sharb/AppData/Local/Arm/Packs/Keil/TM4C_DFP/1.1.0/Device/Include/TM4C123/TM4C123GH6PM.h(968): warning: anonymous unions are a C11 extension [-Wc11-extensions]
  union {
  ^
C:/Users/sharb/AppData/Local/Arm/Packs/Keil/TM4C_DFP/1.1.0/Device/Include/TM4C123/TM4C123GH6PM.h(974): warning: anonymous unions are a C11 extension [-Wc11-extensions]
  union {
  ^
C:/Users/sharb/AppData/Local/Arm/Packs/Keil/TM4C_DFP/1.1.0/Device/Include/TM4C123/TM4C123GH6PM.h(981): warning: anonymous unions are a C11 extension [-Wc11-extensions]
  union {
  ^
C:/Users/sharb/AppData/Local/Arm/Packs/Keil/TM4C_DFP/1.1.0/Device/Include/TM4C123/TM4C123GH6PM.h(988): warning: anonymous unions are a C11 extension [-Wc11-extensions]
  union {
  ^
C:/Users/sharb/AppData/Local/Arm/Packs/Keil/TM4C_DFP/1.1.0/Device/Include/TM4C123/TM4C123GH6PM.h(993): warning: anonymous unions are a C11 extension [-Wc11-extensions]
  union {
  ^
C:/Users/sharb/AppData/Local/Arm/Packs/Keil/TM4C_DFP/1.1.0/Device/Include/TM4C123/TM4C123GH6PM.h(1000): warning: anonymous unions are a C11 extension [-Wc11-extensions]
  union {
  ^
C:/Users/sharb/AppData/Local/Arm/Packs/Keil/TM4C_DFP/1.1.0/Device/Include/TM4C123/TM4C123GH6PM.h(1006): warning: anonymous unions are a C11 extension [-Wc11-extensions]
  union {
  ^
C:/Users/sharb/AppData/Local/Arm/Packs/Keil/TM4C_DFP/1.1.0/Device/Include/TM4C123/TM4C123GH6PM.h(1013): warning: anonymous unions are a C11 extension [-Wc11-extensions]
  union {
  ^
C:/Users/sharb/AppData/Local/Arm/Packs/Keil/TM4C_DFP/1.1.0/Device/Include/TM4C123/TM4C123GH6PM.h(1020): warning: anonymous unions are a C11 extension [-Wc11-extensions]
  union {
  ^
C:/Users/sharb/AppData/Local/Arm/Packs/Keil/TM4C_DFP/1.1.0/Device/Include/TM4C123/TM4C123GH6PM.h(1025): warning: anonymous unions are a C11 extension [-Wc11-extensions]
  union {
  ^
C:/Users/sharb/AppData/Local/Arm/Packs/Keil/TM4C_DFP/1.1.0/Device/Include/TM4C123/TM4C123GH6PM.h(1032): warning: anonymous unions are a C11 extension [-Wc11-extensions]
  union {
  ^
C:/Users/sharb/AppData/Local/Arm/Packs/Keil/TM4C_DFP/1.1.0/Device/Include/TM4C123/TM4C123GH6PM.h(1038): warning: anonymous unions are a C11 extension [-Wc11-extensions]
  union {
  ^
C:/Users/sharb/AppData/Local/Arm/Packs/Keil/TM4C_DFP/1.1.0/Device/Include/TM4C123/TM4C123GH6PM.h(1045): warning: anonymous unions are a C11 extension [-Wc11-extensions]
  union {
  ^
C:/Users/sharb/AppData/Local/Arm/Packs/Keil/TM4C_DFP/1.1.0/Device/Include/TM4C123/TM4C123GH6PM.h(1052): warning: anonymous unions are a C11 extension [-Wc11-extensions]
  union {
  ^
C:/Users/sharb/AppData/Local/Arm/Packs/Keil/TM4C_DFP/1.1.0/Device/Include/TM4C123/TM4C123GH6PM.h(1057): warning: anonymous unions are a C11 extension [-Wc11-extensions]
  union {
  ^
C:/Users/sharb/AppData/Local/Arm/Packs/Keil/TM4C_DFP/1.1.0/Device/Include/TM4C123/TM4C123GH6PM.h(1064): warning: anonymous unions are a C11 extension [-Wc11-extensions]
  union {
  ^
C:/Users/sharb/AppData/Local/Arm/Packs/Keil/TM4C_DFP/1.1.0/Device/Include/TM4C123/TM4C123GH6PM.h(1070): warning: anonymous unions are a C11 extension [-Wc11-extensions]
  union {
  ^
C:/Users/sharb/AppData/Local/Arm/Packs/Keil/TM4C_DFP/1.1.0/Device/Include/TM4C123/TM4C123GH6PM.h(1077): warning: anonymous unions are a C11 extension [-Wc11-extensions]
  union {
  ^
C:/Users/sharb/AppData/Local/Arm/Packs/Keil/TM4C_DFP/1.1.0/Device/Include/TM4C123/TM4C123GH6PM.h(1084): warning: anonymous unions are a C11 extension [-Wc11-extensions]
  union {
  ^
C:/Users/sharb/AppData/Local/Arm/Packs/Keil/TM4C_DFP/1.1.0/Device/Include/TM4C123/TM4C123GH6PM.h(1089): warning: anonymous unions are a C11 extension [-Wc11-extensions]
  union {
  ^
C:/Users/sharb/AppData/Local/Arm/Packs/Keil/TM4C_DFP/1.1.0/Device/Include/TM4C123/TM4C123GH6PM.h(1096): warning: anonymous unions are a C11 extension [-Wc11-extensions]
  union {
  ^
C:/Users/sharb/AppData/Local/Arm/Packs/Keil/TM4C_DFP/1.1.0/Device/Include/TM4C123/TM4C123GH6PM.h(1102): warning: anonymous unions are a C11 extension [-Wc11-extensions]
  union {
  ^
C:/Users/sharb/AppData/Local/Arm/Packs/Keil/TM4C_DFP/1.1.0/Device/Include/TM4C123/TM4C123GH6PM.h(1251): warning: anonymous unions are a C11 extension [-Wc11-extensions]
  union {
  ^
APPLICATION/app.c(2): warning: In file included from...
./APPLICATION/app.h(8): warning: In file included from...
./ECUAL/push_button\push_button_interface.h(6): warning: non-portable path to file '"std_types.h"'; specified path differs in case from file name on disk [-Wnonportable-include-path]
#include "STD_TYPES.h"
         ^~~~~~~~~~~~~
         "std_types.h"
./ECUAL/push_button\push_button_interface.h(7): warning: non-portable path to file '"bit_math.h"'; specified path differs in case from file name on disk [-Wnonportable-include-path]
#include "BIT_MATH.h"
         ^~~~~~~~~~~~
         "bit_math.h"
APPLICATION/app.c(2): warning: In file included from...
./APPLICATION/app.h(9): warning: In file included from...
./ECUAL/h_gpt\htimer_interface.h(6): warning: In file included from...
./MCAL/gpt\gpt_interface.h(18): warning: // comments are not allowed in this language [-Wcomment]
// call back typdef
^
APPLICATION/app.c(2): warning: In file included from...
./APPLICATION/app.h(10): warning: In file included from...
./ECUAL/pwm\pwm_interface.h(14): warning: In file included from...
./ECUAL/pwm/pwm_cfg.h(24): warning: commas at the end of enumerator lists are a C99-specific feature [-Wc99-extensions]
        PWM_CHANNEL_3      ,
                           ^
APPLICATION/app.c(2): warning: In file included from...
./APPLICATION/app.h(7): warning: In file included from...
./ECUAL/led\led_interface.h(13): warning: In file included from...
./MCAL/gpio\gpio_interface.h(14): warning: In file included from...
./MCAL/gpio\gpio_config.h(151): warning: padding struct 'ST_dio_pinCfg_t' with 3 bytes to align 'ptrFucnPinIrqCallback' [-Wpadded]
    void(*ptrFucnPinIrqCallback)(void);
          ^
./MCAL/gpio\gpio_config.h(140): warning: padding size of 'ST_dio_pinCfg_t' with 2 bytes to alignment boundary [-Wpadded]
typedef struct{
        ^
APPLICATION/app.c(2): warning: In file included from...
./APPLICATION/app.h(11): warning: In file included from...
./ECUAL/dc_motor\dcm_interface.h(55): warning: commas at the end of enumerator lists are a C99-specific feature [-Wc99-extensions]
        DCM_HIGH, /** Defines digital state power */
                ^
APPLICATION/app.c(2): warning: In file included from...
./APPLICATION/app.h(11): warning: In file included from...
./ECUAL/dc_motor\dcm_interface.h(14): warning: In file included from...
./ECUAL/dc_motor/dcm_cfg.h(45): warning: padding size of 'struct dcm' with 3 bytes to alignment boundary [-Wpadded]
typedef struct dcm {
               ^
APPLICATION/app.c(4): warning: no previous extern declaration for non-static variable 'u8_gl_stop_or_rotate' [-Wmissing-variable-declarations]
uint8_t           u8_gl_stop_or_rotate = FALSE;
                  ^
APPLICATION/app.c(4): note: declare 'static' if the variable is not intended to be used outside of this translation unit
uint8_t           u8_gl_stop_or_rotate = FALSE;
^
APPLICATION/app.c(5): warning: no previous extern declaration for non-static variable 'bool_gl_is_timeOut' [-Wmissing-variable-declarations]
boolean           bool_gl_is_timeOut   = FALSE;
                  ^
APPLICATION/app.c(5): note: declare 'static' if the variable is not intended to be used outside of this translation unit
boolean           bool_gl_is_timeOut   = FALSE;
^
APPLICATION/app.c(6): warning: no previous extern declaration for non-static variable 'bool_gl_lock_state' [-Wmissing-variable-declarations]
boolean           bool_gl_lock_state   = FALSE;
                  ^
APPLICATION/app.c(6): note: declare 'static' if the variable is not intended to be used outside of this translation unit
boolean           bool_gl_lock_state   = FALSE;
^
APPLICATION/app.c(7): warning: no previous extern declaration for non-static variable 'bool_gl_idle_stop' [-Wmissing-variable-declarations]
boolean           bool_gl_idle_stop    = FALSE;
                  ^
APPLICATION/app.c(7): note: declare 'static' if the variable is not intended to be used outside of this translation unit
boolean           bool_gl_idle_stop    = FALSE;
^
APPLICATION/app.c(8): warning: no previous extern declaration for non-static variable 'enu_gl_car_state' [-Wmissing-variable-declarations]
enu_car_states_t  enu_gl_car_state     = IDLE ;
                  ^
APPLICATION/app.c(8): note: declare 'static' if the variable is not intended to be used outside of this translation unit
enu_car_states_t  enu_gl_car_state     = IDLE ;
^
APPLICATION/app.c(14): warning: designated initializers are a C99 feature [-Wc99-designator]
        .enu_GPT_timer_select   = GPT_WIDE_TIMER1_SELECT,
        ^
APPLICATION/app.c(12): warning: no previous extern declaration for non-static variable 'str_gl_timer' [-Wmissing-variable-declarations]
str_GPT_configs_t str_gl_timer       =
                  ^
APPLICATION/app.c(12): note: declare 'static' if the variable is not intended to be used outside of this translation unit
str_GPT_configs_t str_gl_timer       =
^
APPLICATION/app.c(145): warning: // comments are not allowed in this language [-Wcomment]
                // for handling debouncing
                ^
60 warnings generated.
compiling app.c...
linking...
Program Size: Code=13884 RO-data=652 RW-data=184 ZI-data=872  
".\Objects\4wd_robot.axf" - 0 Error(s), 60 Warning(s).

<h2>Software Packages used:</h2>

Package Vendor: ARM
                http://www.keil.com/pack/ARM.CMSIS.5.6.0.pack
                ARM.CMSIS.5.6.0
                CMSIS (Cortex Microcontroller Software Interface Standard)
   * Component: CORE Version: 5.3.0

Package Vendor: Keil
                http://www.keil.com/pack/Keil.TM4C_DFP.1.1.0.pack
                Keil.TM4C_DFP.1.1.0
                Texas Instruments Tiva C Series Device Support and Examples
   * Component: Startup Version: 1.0.1

<h2>Collection of Component include folders:</h2>
  .\RTE\_Target_1
  C:\Users\sharb\AppData\Local\Arm\Packs\ARM\CMSIS\5.6.0\CMSIS\Core\Include
  C:\Users\sharb\AppData\Local\Arm\Packs\Keil\TM4C_DFP\1.1.0\Device\Include\TM4C123

<h2>Collection of Component Files used:</h2>

   * Component: ARM::CMSIS:CORE:5.3.0

   * Component: Keil::Device:Startup:1.0.1
      Include file:  Device\Include\TM4C123\TM4C123.h
      Source file:   Device\Source\system_TM4C123.c
      Source file:   Device\Source\ARM\startup_TM4C123.s
Build Time Elapsed:  00:00:00
</pre>
</body>
</html>
