Component: ARM Compiler 6.13.1 Tool: armlink [5d895400]

==============================================================================

Section Cross References

    gpio_prog.o(.text.GPIO_init) refers to gpio_prog.o(.text.GPIO_setPinCallbackHandelr) for GPIO_setPinCallbackHandelr
    gpio_prog.o(.text.GPIO_init) refers to gpio_prog.o(.text.GPIO_interruptPortEnable) for GPIO_interruptPortEnable
    gpio_prog.o(.ARM.exidx.text.GPIO_init) refers to gpio_prog.o(.text.GPIO_init) for [Anonymous Symbol]
    gpio_prog.o(.text.GPIO_setPinCallbackHandelr) refers to gpio_prog.o(.bss.GPIO_ptrFuncportaIrqCallback) for GPIO_ptrFuncportaIrqCallback
    gpio_prog.o(.text.GPIO_setPinCallbackHandelr) refers to gpio_prog.o(.bss.GPIO_ptrFuncportbIrqCallback) for GPIO_ptrFuncportbIrqCallback
    gpio_prog.o(.text.GPIO_setPinCallbackHandelr) refers to gpio_prog.o(.bss.GPIO_ptrFuncportcIrqCallback) for GPIO_ptrFuncportcIrqCallback
    gpio_prog.o(.text.GPIO_setPinCallbackHandelr) refers to gpio_prog.o(.bss.GPIO_ptrFuncportdIrqCallback) for GPIO_ptrFuncportdIrqCallback
    gpio_prog.o(.text.GPIO_setPinCallbackHandelr) refers to gpio_prog.o(.bss.GPIO_ptrFuncporteIrqCallback) for GPIO_ptrFuncporteIrqCallback
    gpio_prog.o(.text.GPIO_setPinCallbackHandelr) refers to gpio_prog.o(.bss.GPIO_ptrFuncportfIrqCallback) for GPIO_ptrFuncportfIrqCallback
    gpio_prog.o(.ARM.exidx.text.GPIO_setPinCallbackHandelr) refers to gpio_prog.o(.text.GPIO_setPinCallbackHandelr) for [Anonymous Symbol]
    gpio_prog.o(.text.GPIO_interruptPortEnable) refers to gpio_prog.o(.text.__NVIC_EnableIRQ) for __NVIC_EnableIRQ
    gpio_prog.o(.ARM.exidx.text.GPIO_interruptPortEnable) refers to gpio_prog.o(.text.GPIO_interruptPortEnable) for [Anonymous Symbol]
    gpio_prog.o(.ARM.exidx.text.GPIO_portDeinit) refers to gpio_prog.o(.text.GPIO_portDeinit) for [Anonymous Symbol]
    gpio_prog.o(.ARM.exidx.text.GPIO_writeLogic) refers to gpio_prog.o(.text.GPIO_writeLogic) for [Anonymous Symbol]
    gpio_prog.o(.ARM.exidx.text.GPIO_readLogic) refers to gpio_prog.o(.text.GPIO_readLogic) for [Anonymous Symbol]
    gpio_prog.o(.ARM.exidx.text.GPIO_toggleLogic) refers to gpio_prog.o(.text.GPIO_toggleLogic) for [Anonymous Symbol]
    gpio_prog.o(.ARM.exidx.text.GPIO_setDirection) refers to gpio_prog.o(.text.GPIO_setDirection) for [Anonymous Symbol]
    gpio_prog.o(.ARM.exidx.text.__NVIC_EnableIRQ) refers to gpio_prog.o(.text.__NVIC_EnableIRQ) for [Anonymous Symbol]
    gpio_prog.o(.text.GPIO_interruptPortDisable) refers to gpio_prog.o(.text.__NVIC_DisableIRQ) for __NVIC_DisableIRQ
    gpio_prog.o(.ARM.exidx.text.GPIO_interruptPortDisable) refers to gpio_prog.o(.text.GPIO_interruptPortDisable) for [Anonymous Symbol]
    gpio_prog.o(.ARM.exidx.text.__NVIC_DisableIRQ) refers to gpio_prog.o(.text.__NVIC_DisableIRQ) for [Anonymous Symbol]
    gpio_prog.o(.text.GPIOA_Handler) refers to gpio_prog.o(.bss.GPIO_ptrFuncportaIrqCallback) for GPIO_ptrFuncportaIrqCallback
    gpio_prog.o(.ARM.exidx.text.GPIOA_Handler) refers to gpio_prog.o(.text.GPIOA_Handler) for [Anonymous Symbol]
    gpio_prog.o(.text.GPIOB_Handler) refers to gpio_prog.o(.bss.GPIO_ptrFuncportbIrqCallback) for GPIO_ptrFuncportbIrqCallback
    gpio_prog.o(.ARM.exidx.text.GPIOB_Handler) refers to gpio_prog.o(.text.GPIOB_Handler) for [Anonymous Symbol]
    gpio_prog.o(.text.GPIOC_Handler) refers to gpio_prog.o(.bss.GPIO_ptrFuncportcIrqCallback) for GPIO_ptrFuncportcIrqCallback
    gpio_prog.o(.ARM.exidx.text.GPIOC_Handler) refers to gpio_prog.o(.text.GPIOC_Handler) for [Anonymous Symbol]
    gpio_prog.o(.text.GPIOD_Handler) refers to gpio_prog.o(.bss.GPIO_ptrFuncportdIrqCallback) for GPIO_ptrFuncportdIrqCallback
    gpio_prog.o(.ARM.exidx.text.GPIOD_Handler) refers to gpio_prog.o(.text.GPIOD_Handler) for [Anonymous Symbol]
    gpio_prog.o(.text.GPIOE_Handler) refers to gpio_prog.o(.bss.GPIO_ptrFuncporteIrqCallback) for GPIO_ptrFuncporteIrqCallback
    gpio_prog.o(.ARM.exidx.text.GPIOE_Handler) refers to gpio_prog.o(.text.GPIOE_Handler) for [Anonymous Symbol]
    gpio_prog.o(.text.GPIOF_Handler) refers to gpio_prog.o(.bss.GPIO_ptrFuncportfIrqCallback) for GPIO_ptrFuncportfIrqCallback
    gpio_prog.o(.ARM.exidx.text.GPIOF_Handler) refers to gpio_prog.o(.text.GPIOF_Handler) for [Anonymous Symbol]
    gpt_program.o(.text.GPT_init) refers to gpt_program.o(.bss.bool_gs_is_timer_init) for bool_gs_is_timer_init
    gpt_program.o(.text.GPT_init) refers to gpt_program.o(.bss.ptrf_gs_array) for ptrf_gs_array
    gpt_program.o(.ARM.exidx.text.GPT_init) refers to gpt_program.o(.text.GPT_init) for [Anonymous Symbol]
    gpt_program.o(.text.GPT_start_timer) refers to system_tm4c123.o(.data.SystemCoreClock) for SystemCoreClock
    gpt_program.o(.text.GPT_start_timer) refers to dflt_clz.o(x$fpl$dfltu) for __aeabi_ui2d
    gpt_program.o(.text.GPT_start_timer) refers to ddiv.o(x$fpl$ddiv) for __aeabi_ddiv
    gpt_program.o(.text.GPT_start_timer) refers to gpt_program.o(.bss.bool_gs_is_timer_init) for bool_gs_is_timer_init
[...]
    libinit2.o(.ARM.Collect$$libinit$$00000010) refers to libinit2.o(.ARM.Collect$$libinit$$0000000F) for .ARM.Collect$$libinit$$0000000F
    libinit2.o(.ARM.Collect$$libinit$$00000012) refers to libinit2.o(.ARM.Collect$$libinit$$0000000F) for .ARM.Collect$$libinit$$0000000F
    libinit2.o(.ARM.Collect$$libinit$$00000014) refers to libinit2.o(.ARM.Collect$$libinit$$0000000F) for .ARM.Collect$$libinit$$0000000F
    libinit2.o(.ARM.Collect$$libinit$$00000016) refers to libinit2.o(.ARM.Collect$$libinit$$0000000F) for .ARM.Collect$$libinit$$0000000F
    libinit2.o(.ARM.Collect$$libinit$$00000018) refers to libinit2.o(.ARM.Collect$$libinit$$0000000F) for .ARM.Collect$$libinit$$0000000F
    libinit2.o(.ARM.Collect$$libinit$$00000026) refers to argv_veneer.o(.emb_text) for __ARM_argv_veneer
    libinit2.o(.ARM.Collect$$libinit$$00000027) refers to argv_veneer.o(.emb_text) for __ARM_argv_veneer
    rtexit2.o(.ARM.Collect$$rtexit$$00000003) refers to libshutdown.o(.ARM.Collect$$libshutdown$$00000000) for __rt_lib_shutdown
    rtexit2.o(.ARM.Collect$$rtexit$$00000004) refers to sys_exit.o(.text) for _sys_exit
    rtexit2.o(.ARM.exidx) refers to rtexit2.o(.ARM.Collect$$rtexit$$00000001) for .ARM.Collect$$rtexit$$00000001
    rtexit2.o(.ARM.exidx) refers to rtexit2.o(.ARM.Collect$$rtexit$$00000003) for .ARM.Collect$$rtexit$$00000003
    rtexit2.o(.ARM.exidx) refers to rtexit2.o(.ARM.Collect$$rtexit$$00000004) for .ARM.Collect$$rtexit$$00000004
    argv_veneer.o(.emb_text) refers to _get_argv_nomalloc.o(.text) for __ARM_get_argv
    sys_exit.o(.text) refers (Special) to use_no_semi.o(.text) for __I$use$semihosting
    sys_exit.o(.text) refers (Special) to indicate_semi.o(.text) for __semihosting_library_function
    sys_exit_hlt.o(.text) refers (Special) to use_no_semi.o(.text) for __I$use$semihosting
    sys_exit_hlt.o(.text) refers (Special) to indicate_semi.o(.text) for __semihosting_library_function
    _get_argv_nomalloc.o(.text) refers (Special) to hrguard.o(.text) for __heap_region$guard
    _get_argv_nomalloc.o(.text) refers to defsig_rtmem_outer.o(.text) for __rt_SIGRTMEM
    _get_argv_nomalloc.o(.text) refers to sys_command.o(.text) for _sys_command_string
    libshutdown.o(.ARM.Collect$$libshutdown$$00000000) refers (Special) to libshutdown2.o(.ARM.Collect$$libshutdown$$00000002) for __rt_lib_shutdown_cpp_1
    libshutdown.o(.ARM.Collect$$libshutdown$$00000000) refers (Special) to libshutdown2.o(.ARM.Collect$$libshutdown$$00000007) for __rt_lib_shutdown_fp_trap_1
    libshutdown.o(.ARM.Collect$$libshutdown$$00000000) refers (Special) to libshutdown2.o(.ARM.Collect$$libshutdown$$0000000F) for __rt_lib_shutdown_heap_1
    libshutdown.o(.ARM.Collect$$libshutdown$$00000000) refers (Special) to libshutdown2.o(.ARM.Collect$$libshutdown$$00000010) for __rt_lib_shutdown_return
    libshutdown.o(.ARM.Collect$$libshutdown$$00000000) refers (Special) to libshutdown2.o(.ARM.Collect$$libshutdown$$0000000A) for __rt_lib_shutdown_signal_1
    libshutdown.o(.ARM.Collect$$libshutdown$$00000000) refers (Special) to libshutdown2.o(.ARM.Collect$$libshutdown$$00000004) for __rt_lib_shutdown_stdio_1
    libshutdown.o(.ARM.Collect$$libshutdown$$00000000) refers (Special) to libshutdown2.o(.ARM.Collect$$libshutdown$$0000000C) for __rt_lib_shutdown_user_alloc_1
    sys_command.o(.text) refers (Special) to use_no_semi.o(.text) for __I$use$semihosting
    sys_command.o(.text) refers (Special) to indicate_semi.o(.text) for __semihosting_library_function
    sys_command_hlt.o(.text) refers (Special) to use_no_semi.o(.text) for __I$use$semihosting
    sys_command_hlt.o(.text) refers (Special) to indicate_semi.o(.text) for __semihosting_library_function
    defsig_rtmem_outer.o(.text) refers to defsig_rtmem_inner.o(.text) for __rt_SIGRTMEM_inner
    defsig_rtmem_outer.o(.text) refers to defsig_exit.o(.text) for __sig_exit
    defsig_rtmem_formal.o(.text) refers to rt_raise.o(.text) for __rt_raise
    rt_raise.o(.text) refers to __raise.o(.text) for __raise
    rt_raise.o(.text) refers to sys_exit.o(.text) for _sys_exit
    defsig_exit.o(.text) refers to sys_exit.o(.text) for _sys_exit
    defsig_rtmem_inner.o(.text) refers to defsig_general.o(.text) for __default_signal_display
    __raise.o(.text) refers to defsig.o(CL$$defsig) for __default_signal_handler
    defsig_general.o(.text) refers to sys_wrch.o(.text) for _ttywrch
    sys_wrch.o(.text) refers (Special) to use_no_semi.o(.text) for __I$use$semihosting
    sys_wrch.o(.text) refers (Special) to indicate_semi.o(.text) for __semihosting_library_function
    sys_wrch_hlt.o(.text) refers (Special) to use_no_semi.o(.text) for __I$use$semihosting
    sys_wrch_hlt.o(.text) refers (Special) to indicate_semi.o(.text) for __semihosting_library_function
    defsig.o(CL$$defsig) refers to defsig_rtmem_inner.o(.text) for __rt_SIGRTMEM_inner
    defsig_abrt_inner.o(.text) refers to defsig_general.o(.text) for __default_signal_display
    defsig_fpe_inner.o(.text) refers to defsig_general.o(.text) for __default_signal_display
    defsig_rtred_inner.o(.text) refers to defsig_general.o(.text) for __default_signal_display
    defsig_stak_inner.o(.text) refers to defsig_general.o(.text) for __default_signal_display
    defsig_pvfn_inner.o(.text) refers to defsig_general.o(.text) for __default_signal_display
    defsig_cppl_inner.o(.text) refers to defsig_general.o(.text) for __default_signal_display
    defsig_segv_inner.o(.text) refers to defsig_general.o(.text) for __default_signal_display
    defsig_other.o(.text) refers to defsig_general.o(.text) for __default_signal_display


==============================================================================

Removing Unused input sections from the image.

    Removing gpio_config.o(.text), (0 bytes).
    Removing gpio_config.o(.data.a_cfgPins), (140 bytes).
    Removing gpio_prog.o(.text), (0 bytes).
    Removing gpio_prog.o(.ARM.exidx.text.GPIO_init), (8 bytes).
    Removing gpio_prog.o(.ARM.exidx.text.GPIO_setPinCallbackHandelr), (8 bytes).
    Removing gpio_prog.o(.ARM.exidx.text.GPIO_interruptPortEnable), (8 bytes).
    Removing gpio_prog.o(.text.GPIO_portDeinit), (62 bytes).
    Removing gpio_prog.o(.ARM.exidx.text.GPIO_portDeinit), (8 bytes).
    Removing gpio_prog.o(.ARM.exidx.text.GPIO_writeLogic), (8 bytes).
    Removing gpio_prog.o(.ARM.exidx.text.GPIO_readLogic), (8 bytes).
    Removing gpio_prog.o(.ARM.exidx.text.GPIO_toggleLogic), (8 bytes).
    Removing gpio_prog.o(.text.GPIO_setDirection), (220 bytes).
    Removing gpio_prog.o(.ARM.exidx.text.GPIO_setDirection), (8 bytes).
    Removing gpio_prog.o(.ARM.exidx.text.__NVIC_EnableIRQ), (8 bytes).
    Removing gpio_prog.o(.text.GPIO_interruptPortDisable), (242 bytes).
    Removing gpio_prog.o(.ARM.exidx.text.GPIO_interruptPortDisable), (8 bytes).
    Removing gpio_prog.o(.text.__NVIC_DisableIRQ), (60 bytes).
    Removing gpio_prog.o(.ARM.exidx.text.__NVIC_DisableIRQ), (8 bytes).
    Removing gpio_prog.o(.ARM.exidx.text.GPIOA_Handler), (8 bytes).
    Removing gpio_prog.o(.ARM.exidx.text.GPIOB_Handler), (8 bytes).
    Removing gpio_prog.o(.ARM.exidx.text.GPIOC_Handler), (8 bytes).
    Removing gpio_prog.o(.ARM.exidx.text.GPIOD_Handler), (8 bytes).
    Removing gpio_prog.o(.ARM.exidx.text.GPIOE_Handler), (8 bytes).
    Removing gpio_prog.o(.ARM.exidx.text.GPIOF_Handler), (8 bytes).
    Removing gpt_program.o(.text), (0 bytes).
    Removing gpt_program.o(.ARM.exidx.text.GPT_init), (8 bytes).
    Removing gpt_program.o(.ARM.exidx.text.GPT_start_timer), (8 bytes).
    Removing gpt_program.o(.ARM.exidx.text.GPT_stop_timer), (8 bytes).
    Removing gpt_program.o(.text.GPT_get_elapsed_time), (208 bytes).
    Removing gpt_program.o(.ARM.exidx.text.GPT_get_elapsed_time), (8 bytes).
    Removing gpt_program.o(.text.GPT_get_remaining_time), (152 bytes).
    Removing gpt_program.o(.ARM.exidx.text.GPT_get_remaining_time), (8 bytes).
    Removing gpt_program.o(.ARM.exidx.text.GPT_enable_interrupt), (8 bytes).
    Removing gpt_program.o(.ARM.exidx.text.__NVIC_EnableIRQ), (8 bytes).
    Removing gpt_program.o(.ARM.exidx.text.GPT_disable_interrupt), (8 bytes).
    Removing gpt_program.o(.ARM.exidx.text.__NVIC_DisableIRQ), (8 bytes).
    Removing gpt_program.o(.ARM.exidx.text.TIMER0A_Handler), (8 bytes).
    Removing gpt_program.o(.ARM.exidx.text.WTIMER0A_Handler), (8 bytes).
    Removing gpt_program.o(.ARM.exidx.text.WTIMER1A_Handler), (8 bytes).
    Removing main.o(.text), (0 bytes).
    Removing main.o(.ARM.exidx.text.main), (8 bytes).
    Removing led_config.o(.text), (0 bytes).
    Removing led_prog.o(.text), (0 bytes).
    Removing led_prog.o(.ARM.exidx.text.LED_initialize), (8 bytes).
    Removing led_prog.o(.ARM.exidx.text.LED_turnOn), (8 bytes).
    Removing led_prog.o(.ARM.exidx.text.LED_turnOff), (8 bytes).
    Removing led_prog.o(.text.LED_toggle), (134 bytes).
    Removing led_prog.o(.ARM.exidx.text.LED_toggle), (8 bytes).
    Removing dc_motor_prog.o(.text), (0 bytes).
    Removing dc_motor_prog.o(.ARM.exidx.text.DCM_init), (8 bytes).
    Removing dc_motor_prog.o(.ARM.exidx.text.DCM_changeDCMDirection), (8 bytes).
    Removing dc_motor_prog.o(.ARM.exidx.text.DCM_stopMotor), (8 bytes).
    Removing dc_motor_prog.o(.ARM.exidx.text.DCM_u8SetDutyCycleOfPWM), (8 bytes).
    Removing dc_motor_prog.o(.text.DCM_updateStopFlag), (14 bytes).
    Removing dc_motor_prog.o(.ARM.exidx.text.DCM_updateStopFlag), (8 bytes).
    Removing dc_motor_prog.o(.ARM.exidx.text.DCM_rotateDCM), (8 bytes).
    Removing dc_motor_prog.o(.ARM.exidx.text.DCM_MoveForward), (8 bytes).
    Removing dc_motor_prog.o(.text.DCM_MoveBackward), (142 bytes).
    Removing dc_motor_prog.o(.ARM.exidx.text.DCM_MoveBackward), (8 bytes).
    Removing dc_motor_prog.o(.bss.DCM_g_stopFlag), (1 bytes).
    Removing dcm_cfg.o(.text), (0 bytes).
    Removing pwm_cfg.o(.text), (0 bytes).
    Removing pwm_prog.o(.text), (0 bytes).
    Removing pwm_prog.o(.ARM.exidx.text.PWM_logic), (8 bytes).
    Removing pwm_prog.o(.text.PWM_init_channel), (126 bytes).
    Removing pwm_prog.o(.ARM.exidx.text.PWM_init_channel), (8 bytes).
    Removing pwm_prog.o(.ARM.exidx.text.pwm_init_timer), (8 bytes).
    Removing pwm_prog.o(.ARM.exidx.text.PWM_init_all_channels), (8 bytes).
    Removing pwm_prog.o(.ARM.exidx.text.PWM_set_Duty), (8 bytes).
    Removing pwm_prog.o(.text.PWM_stop), (28 bytes).
    Removing pwm_prog.o(.ARM.exidx.text.PWM_stop), (8 bytes).
    Removing push_button_cfg.o(.text), (0 bytes).
    Removing push_button_prog.o(.text), (0 bytes).
    Removing push_button_prog.o(.ARM.exidx.text.PUSH_BTN_intialize), (8 bytes).
    Removing push_button_prog.o(.ARM.exidx.text.PUSH_BTN_read_state), (8 bytes).
    Removing htimer_program.o(.text), (0 bytes).
    Removing htimer_program.o(.ARM.exidx.text.HANDLER_init), (8 bytes).
    Removing htimer_program.o(.ARM.exidx.text.HANDLER_start_timer), (8 bytes).
    Removing htimer_program.o(.text.HANDLER_enable_interrupt), (62 bytes).
    Removing htimer_program.o(.ARM.exidx.text.HANDLER_enable_interrupt), (8 bytes).
    Removing htimer_program.o(.text.HANDLER_disable_interrupt), (62 bytes).
    Removing htimer_program.o(.ARM.exidx.text.HANDLER_disable_interrupt), (8 bytes).
    Removing htimer_program.o(.text.HANDLER_stop_timer), (62 bytes).
    Removing htimer_program.o(.ARM.exidx.text.HANDLER_stop_timer), (8 bytes).
    Removing htimer_program.o(.text.HANDLER_get_elapsed_time), (66 bytes).
    Removing htimer_program.o(.ARM.exidx.text.HANDLER_get_elapsed_time), (8 bytes).
    Removing htimer_program.o(.text.HANDLER_get_remaining_time), (66 bytes).
    Removing htimer_program.o(.ARM.exidx.text.HANDLER_get_remaining_time), (8 bytes).
    Removing app.o(.text), (0 bytes).
    Removing app.o(.ARM.exidx.text.timeOut), (8 bytes).
    Removing app.o(.ARM.exidx.text.app_init), (8 bytes).
    Removing app.o(.ARM.exidx.text.stopSystem), (8 bytes).
    Removing app.o(.ARM.exidx.text.app_start), (8 bytes).
    Removing app.o(.ARM.exidx.text.Led_stop), (8 bytes).
    Removing app.o(.ARM.exidx.text.read_start_btn), (8 bytes).
    Removing app.o(.ARM.exidx.text.car_forward_long), (8 bytes).
    Removing app.o(.ARM.exidx.text.car_stop), (8 bytes).
    Removing app.o(.ARM.exidx.text.car_rotate), (8 bytes).
    Removing app.o(.ARM.exidx.text.car_forward_short), (8 bytes).
    Removing app.o(.ARM.exidx.text.Led_forward_long_side), (8 bytes).
    Removing app.o(.ARM.exidx.text.Led_rotate), (8 bytes).
    Removing app.o(.ARM.exidx.text.Led_forward_short_side), (8 bytes).
    Removing system_tm4c123.o(.text), (0 bytes).
    Removing system_tm4c123.o(.text.SystemCoreClockUpdate), (332 bytes).
    Removing system_tm4c123.o(.ARM.exidx.text.SystemCoreClockUpdate), (8 bytes).
    Removing system_tm4c123.o(.text.getOscClk), (360 bytes).
    Removing system_tm4c123.o(.ARM.exidx.text.getOscClk), (8 bytes).
    Removing system_tm4c123.o(.ARM.exidx.text.SystemInit), (8 bytes).

108 unused section(s) (total 3123 bytes) removed from the image.

==============================================================================

Image Symbol Table

    Local Symbols

    Symbol Name                              Value     Ov Type        Size  Object(Section)

    ../clib/angel/boardlib.s                 0x00000000   Number         0  boardinit1.o ABSOLUTE
    ../clib/angel/boardlib.s                 0x00000000   Number         0  boardinit2.o ABSOLUTE
    ../clib/angel/boardlib.s                 0x00000000   Number         0  boardinit3.o ABSOLUTE
    ../clib/angel/boardlib.s                 0x00000000   Number         0  boardshut.o ABSOLUTE
    ../clib/angel/handlers.s                 0x00000000   Number         0  __scatter_copy.o ABSOLUTE
    ../clib/angel/handlers.s                 0x00000000   Number         0  __scatter_zi.o ABSOLUTE
    ../clib/angel/kernel.s                   0x00000000   Number         0  __rtentry.o ABSOLUTE
    ../clib/angel/kernel.s                   0x00000000   Number         0  __rtentry2.o ABSOLUTE
    ../clib/angel/kernel.s                   0x00000000   Number         0  __rtentry4.o ABSOLUTE
    ../clib/angel/kernel.s                   0x00000000   Number         0  rtexit.o ABSOLUTE
    ../clib/angel/kernel.s                   0x00000000   Number         0  rtexit2.o ABSOLUTE
    ../clib/angel/rt.s                       0x00000000   Number         0  rt_raise.o ABSOLUTE
    ../clib/angel/scatter.s                  0x00000000   Number         0  __scatter.o ABSOLUTE
    ../clib/angel/startup.s                  0x00000000   Number         0  __main.o ABSOLUTE
    ../clib/angel/sys.s                      0x00000000   Number         0  sys_stackheap_outer.o ABSOLUTE
    ../clib/angel/sys.s                      0x00000000   Number         0  libspace.o ABSOLUTE
    ../clib/angel/sys.s                      0x00000000   Number         0  use_no_semi.o ABSOLUTE
    ../clib/angel/sys.s                      0x00000000   Number         0  indicate_semi.o ABSOLUTE
    ../clib/angel/sysapp.c                   0x00000000   Number         0  sys_exit.o ABSOLUTE
    ../clib/angel/sysapp.c                   0x00000000   Number         0  sys_exit_hlt.o ABSOLUTE
    ../clib/angel/sysapp.c                   0x00000000   Number         0  sys_command.o ABSOLUTE
    ../clib/angel/sysapp.c                   0x00000000   Number         0  sys_command_hlt.o ABSOLUTE
    ../clib/angel/sysapp.c                   0x00000000   Number         0  sys_wrch.o ABSOLUTE
    ../clib/angel/sysapp.c                   0x00000000   Number         0  sys_wrch_hlt.o ABSOLUTE
    ../clib/armsys.c                         0x00000000   Number         0  argv_veneer.o ABSOLUTE
    ../clib/armsys.c                         0x00000000   Number         0  argv_veneer.o ABSOLUTE
    ../clib/armsys.c                         0x00000000   Number         0  _get_argv_nomalloc.o ABSOLUTE
    ../clib/armsys.c                         0x00000000   Number         0  no_argv.o ABSOLUTE
    ../clib/heapalloc.c                      0x00000000   Number         0  hrguard.o ABSOLUTE
    ../clib/heapaux.c                        0x00000000   Number         0  heapauxi.o ABSOLUTE
    ../clib/libinit.s                        0x00000000   Number         0  libinit.o ABSOLUTE
    ../clib/libinit.s                        0x00000000   Number         0  libinit2.o ABSOLUTE
    ../clib/libinit.s                        0x00000000   Number         0  libshutdown.o ABSOLUTE
    ../clib/libinit.s                        0x00000000   Number         0  libshutdown2.o ABSOLUTE
    ../clib/signal.c                         0x00000000   Number         0  defsig_rtmem_outer.o ABSOLUTE
    ../clib/signal.c                         0x00000000   Number         0  defsig_rtmem_formal.o ABSOLUTE
    ../clib/signal.c                         0x00000000   Number         0  defsig_exit.o ABSOLUTE
    ../clib/signal.c                         0x00000000   Number         0  defsig_rtmem_inner.o ABSOLUTE
    ../clib/signal.c                         0x00000000   Number         0  __raise.o ABSOLUTE
    ../clib/signal.c                         0x00000000   Number         0  defsig_general.o ABSOLUTE
    ../clib/signal.c                         0x00000000   Number         0  defsig_abrt_inner.o ABSOLUTE
    ../clib/signal.c                         0x00000000   Number         0  defsig_fpe_inner.o ABSOLUTE
    ../clib/signal.c                         0x00000000   Number         0  defsig_rtred_inner.o ABSOLUTE
    ../clib/signal.c                         0x00000000   Number         0  defsig_stak_inner.o ABSOLUTE
    ../clib/signal.c                         0x00000000   Number         0  defsig_pvfn_inner.o ABSOLUTE
    ../clib/signal.c                         0x00000000   Number         0  defsig_cppl_inner.o ABSOLUTE
    ../clib/signal.c                         0x00000000   Number         0  defsig_segv_inner.o ABSOLUTE
    ../clib/signal.c                         0x00000000   Number         0  defsig_other.o ABSOLUTE
    ../clib/signal.s                         0x00000000   Number         0  defsig.o ABSOLUTE
    ../clib/stdlib.c                         0x00000000   Number         0  exit.o ABSOLUTE
    ../fplib/ddiv.s                          0x00000000   Number         0  ddiv.o ABSOLUTE
    ../fplib/dfixu.s                         0x00000000   Number         0  dfixu.o ABSOLUTE
    ../fplib/dflt.s                          0x00000000   Number         0  dflt_clz.o ABSOLUTE
    ../fplib/dnaninf.s                       0x00000000   Number         0  dnaninf.o ABSOLUTE
    ../fplib/dretinf.s                       0x00000000   Number         0  dretinf.o ABSOLUTE
    ../fplib/fpinit.s                        0x00000000   Number         0  fpinit.o ABSOLUTE
    ../fplib/usenofp.s                       0x00000000   Number         0  usenofp.o ABSOLUTE
    RTE\Device\TM4C123GH6PM\startup_TM4C123.s 0x00000000   Number         0  startup_tm4c123.o ABSOLUTE
    app.c                                    0x00000000   Number         0  app.o ABSOLUTE
    dc.s                                     0x00000000   Number         0  dc.o ABSOLUTE
    dc_motor_prog.c                          0x00000000   Number         0  dc_motor_prog.o ABSOLUTE
    dcm_cfg.c                                0x00000000   Number         0  dcm_cfg.o ABSOLUTE
    gpio_config.c                            0x00000000   Number         0  gpio_config.o ABSOLUTE
    gpio_prog.c                              0x00000000   Number         0  gpio_prog.o ABSOLUTE
    gpt_program.c                            0x00000000   Number         0  gpt_program.o ABSOLUTE
    htimer_program.c                         0x00000000   Number         0  htimer_program.o ABSOLUTE
    led_config.c                             0x00000000   Number         0  led_config.o ABSOLUTE
    led_prog.c                               0x00000000   Number         0  led_prog.o ABSOLUTE
    main.c                                   0x00000000   Number         0  main.o ABSOLUTE
    push_button_cfg.c                        0x00000000   Number         0  push_button_cfg.o ABSOLUTE
    push_button_prog.c                       0x00000000   Number         0  push_button_prog.o ABSOLUTE
    pwm_cfg.c                                0x00000000   Number         0  pwm_cfg.o ABSOLUTE
    pwm_prog.c                               0x00000000   Number         0  pwm_prog.o ABSOLUTE
    system_TM4C123.c                         0x00000000   Number         0  system_tm4c123.o ABSOLUTE
    RESET                                    0x00000000   Section      620  startup_tm4c123.o(RESET)
    !!!main                                  0x0000026c   Section        8  __main.o(!!!main)
    !!!scatter                               0x00000274   Section       52  __scatter.o(!!!scatter)
    !!handler_copy                           0x000002a8   Section       26  __scatter_copy.o(!!handler_copy)
    !!handler_zi                             0x000002c4   Section       28  __scatter_zi.o(!!handler_zi)
    .ARM.Collect$$libinit$$00000000          0x000002e0   Section        2  libinit.o(.ARM.Collect$$libinit$$00000000)
    .ARM.Collect$$libinit$$00000001          0x000002e2   Section        4  libinit2.o(.ARM.Collect$$libinit$$00000001)
    .ARM.Collect$$libinit$$00000004          0x000002e6   Section        0  libinit2.o(.ARM.Collect$$libinit$$00000004)
    .ARM.Collect$$libinit$$0000000A          0x000002e6   Section        0  libinit2.o(.ARM.Collect$$libinit$$0000000A)
    .ARM.Collect$$libinit$$0000000C          0x000002e6   Section        0  libinit2.o(.ARM.Collect$$libinit$$0000000C)
    .ARM.Collect$$libinit$$0000000E          0x000002e6   Section        0  libinit2.o(.ARM.Collect$$libinit$$0000000E)
    .ARM.Collect$$libinit$$00000011          0x000002e6   Section        0  libinit2.o(.ARM.Collect$$libinit$$00000011)
    .ARM.Collect$$libinit$$00000013          0x000002e6   Section        0  libinit2.o(.ARM.Collect$$libinit$$00000013)
    .ARM.Collect$$libinit$$00000015          0x000002e6   Section        0  libinit2.o(.ARM.Collect$$libinit$$00000015)
    .ARM.Collect$$libinit$$00000017          0x000002e6   Section        0  libinit2.o(.ARM.Collect$$libinit$$00000017)
    .ARM.Collect$$libinit$$00000019          0x000002e6   Section        0  libinit2.o(.ARM.Collect$$libinit$$00000019)
    .ARM.Collect$$libinit$$0000001B          0x000002e6   Section        0  libinit2.o(.ARM.Collect$$libinit$$0000001B)
    .ARM.Collect$$libinit$$0000001D          0x000002e6   Section        0  libinit2.o(.ARM.Collect$$libinit$$0000001D)
    .ARM.Collect$$libinit$$0000001F          0x000002e6   Section        0  libinit2.o(.ARM.Collect$$libinit$$0000001F)
    .ARM.Collect$$libinit$$00000021          0x000002e6   Section        0  libinit2.o(.ARM.Collect$$libinit$$00000021)
    .ARM.Collect$$libinit$$00000023          0x000002e6   Section        0  libinit2.o(.ARM.Collect$$libinit$$00000023)
    .ARM.Collect$$libinit$$00000025          0x000002e6   Section        0  libinit2.o(.ARM.Collect$$libinit$$00000025)
    .ARM.Collect$$libinit$$00000027          0x000002e6   Section        8  libinit2.o(.ARM.Collect$$libinit$$00000027)
    .ARM.Collect$$libinit$$0000002E          0x000002ee   Section        0  libinit2.o(.ARM.Collect$$libinit$$0000002E)
    .ARM.Collect$$libinit$$00000030          0x000002ee   Section        0  libinit2.o(.ARM.Collect$$libinit$$00000030)
    .ARM.Collect$$libinit$$00000032          0x000002ee   Section        0  libinit2.o(.ARM.Collect$$libinit$$00000032)
    .ARM.Collect$$libinit$$00000033          0x000002ee   Section        2  libinit2.o(.ARM.Collect$$libinit$$00000033)
    .ARM.Collect$$libshutdown$$00000000      0x000002f0   Section        2  libshutdown.o(.ARM.Collect$$libshutdown$$00000000)
    .ARM.Collect$$libshutdown$$00000002      0x000002f2   Section        0  libshutdown2.o(.ARM.Collect$$libshutdown$$00000002)
    .ARM.Collect$$libshutdown$$00000004      0x000002f2   Section        0  libshutdown2.o(.ARM.Collect$$libshutdown$$00000004)
    .ARM.Collect$$libshutdown$$00000007      0x000002f2   Section        0  libshutdown2.o(.ARM.Collect$$libshutdown$$00000007)
    .ARM.Collect$$libshutdown$$0000000A      0x000002f2   Section        0  libshutdown2.o(.ARM.Collect$$libshutdown$$0000000A)
    .ARM.Collect$$libshutdown$$0000000C      0x000002f2   Section        0  libshutdown2.o(.ARM.Collect$$libshutdown$$0000000C)
    .ARM.Collect$$libshutdown$$0000000F      0x000002f2   Section        0  libshutdown2.o(.ARM.Collect$$libshutdown$$0000000F)
    .ARM.Collect$$libshutdown$$00000010      0x000002f2   Section        2  libshutdown2.o(.ARM.Collect$$libshutdown$$00000010)
    .ARM.Collect$$rtentry$$00000000          0x000002f4   Section        0  __rtentry.o(.ARM.Collect$$rtentry$$00000000)
    .ARM.Collect$$rtentry$$00000002          0x000002f4   Section        0  __rtentry2.o(.ARM.Collect$$rtentry$$00000002)
    .ARM.Collect$$rtentry$$00000004          0x000002f4   Section        6  __rtentry4.o(.ARM.Collect$$rtentry$$00000004)
    .ARM.Collect$$rtentry$$00000009          0x000002fa   Section        0  __rtentry2.o(.ARM.Collect$$rtentry$$00000009)
    .ARM.Collect$$rtentry$$0000000A          0x000002fa   Section        4  __rtentry2.o(.ARM.Collect$$rtentry$$0000000A)
    .ARM.Collect$$rtentry$$0000000C          0x000002fe   Section        0  __rtentry2.o(.ARM.Collect$$rtentry$$0000000C)
    .ARM.Collect$$rtentry$$0000000D          0x000002fe   Section        8  __rtentry2.o(.ARM.Collect$$rtentry$$0000000D)
    .ARM.Collect$$rtexit$$00000000           0x00000306   Section        2  rtexit.o(.ARM.Collect$$rtexit$$00000000)
    .ARM.Collect$$rtexit$$00000002           0x00000308   Section        0  rtexit2.o(.ARM.Collect$$rtexit$$00000002)
    .ARM.Collect$$rtexit$$00000003           0x00000308   Section        4  rtexit2.o(.ARM.Collect$$rtexit$$00000003)
    .ARM.Collect$$rtexit$$00000004           0x0000030c   Section        6  rtexit2.o(.ARM.Collect$$rtexit$$00000004)
    .emb_text                                0x00000314   Section        4  argv_veneer.o(.emb_text)
    $v0                                      0x00000318   Number         0  startup_tm4c123.o(.text)
    .text                                    0x00000318   Section      276  startup_tm4c123.o(.text)
    .text                                    0x0000042c   Section        0  heapauxi.o(.text)
    .text                                    0x00000432   Section       74  sys_stackheap_outer.o(.text)
    .text                                    0x0000047c   Section        0  exit.o(.text)
    .text                                    0x00000490   Section        8  libspace.o(.text)
    .text                                    0x00000498   Section        0  sys_exit.o(.text)
    .text                                    0x000004a4   Section        0  _get_argv_nomalloc.o(.text)
    .text                                    0x000005d2   Section        0  sys_command.o(.text)
    .text                                    0x000005ea   Section        2  use_no_semi.o(.text)
    .text                                    0x000005ec   Section        0  indicate_semi.o(.text)
    .text                                    0x000005ec   Section        0  hrguard.o(.text)
    .text                                    0x000005f0   Section        0  defsig_rtmem_outer.o(.text)
    .text                                    0x000005fe   Section        0  defsig_exit.o(.text)
    .text                                    0x00000608   Section        0  defsig_rtmem_inner.o(.text)
    .text                                    0x00000658   Section        0  defsig_general.o(.text)
    .text                                    0x0000068a   Section        0  sys_wrch.o(.text)
    [Anonymous Symbol]                       0x00000698   Section        0  dc_motor_prog.o(.text.DCM_MoveForward)
    [Anonymous Symbol]                       0x00000730   Section        0  dc_motor_prog.o(.text.DCM_changeDCMDirection)
    [Anonymous Symbol]                       0x00000794   Section        0  dc_motor_prog.o(.text.DCM_init)
    [Anonymous Symbol]                       0x00000820   Section        0  dc_motor_prog.o(.text.DCM_rotateDCM)
    [Anonymous Symbol]                       0x00000878   Section        0  dc_motor_prog.o(.text.DCM_stopMotor)
    [Anonymous Symbol]                       0x000008fc   Section        0  dc_motor_prog.o(.text.DCM_u8SetDutyCycleOfPWM)
    [Anonymous Symbol]                       0x00000934   Section        0  gpio_prog.o(.text.GPIOA_Handler)
    [Anonymous Symbol]                       0x000009bc   Section        0  gpio_prog.o(.text.GPIOB_Handler)
    [Anonymous Symbol]                       0x00000a44   Section        0  gpio_prog.o(.text.GPIOC_Handler)
    [Anonymous Symbol]                       0x00000acc   Section        0  gpio_prog.o(.text.GPIOD_Handler)
    [Anonymous Symbol]                       0x00000b54   Section        0  gpio_prog.o(.text.GPIOE_Handler)
    [Anonymous Symbol]                       0x00000bdc   Section        0  gpio_prog.o(.text.GPIOF_Handler)
    [Anonymous Symbol]                       0x00000c64   Section        0  gpio_prog.o(.text.GPIO_init)
    [Anonymous Symbol]                       0x00001bb0   Section        0  gpio_prog.o(.text.GPIO_interruptPortEnable)
    [Anonymous Symbol]                       0x00001c80   Section        0  gpio_prog.o(.text.GPIO_readLogic)
    [Anonymous Symbol]                       0x00001d10   Section        0  gpio_prog.o(.text.GPIO_setPinCallbackHandelr)
    [Anonymous Symbol]                       0x00001e38   Section        0  gpio_prog.o(.text.GPIO_toggleLogic)
    [Anonymous Symbol]                       0x00001ea0   Section        0  gpio_prog.o(.text.GPIO_writeLogic)
    [Anonymous Symbol]                       0x00001f6c   Section        0  gpt_program.o(.text.GPT_disable_interrupt)
    [Anonymous Symbol]                       0x00002010   Section        0  gpt_program.o(.text.GPT_enable_interrupt)
    [Anonymous Symbol]                       0x000020cc   Section        0  gpt_program.o(.text.GPT_init)
    [Anonymous Symbol]                       0x000023b0   Section        0  gpt_program.o(.text.GPT_start_timer)
    [Anonymous Symbol]                       0x00002658   Section        0  gpt_program.o(.text.GPT_stop_timer)
    [Anonymous Symbol]                       0x000026bc   Section        0  htimer_program.o(.text.HANDLER_init)
    [Anonymous Symbol]                       0x000026f4   Section        0  htimer_program.o(.text.HANDLER_start_timer)
    [Anonymous Symbol]                       0x00002780   Section        0  led_prog.o(.text.LED_initialize)
    [Anonymous Symbol]                       0x00002808   Section        0  led_prog.o(.text.LED_turnOff)
    [Anonymous Symbol]                       0x00002894   Section        0  led_prog.o(.text.LED_turnOn)
    [Anonymous Symbol]                       0x0000291c   Section        0  app.o(.text.Led_forward_long_side)
    [Anonymous Symbol]                       0x0000294c   Section        0  app.o(.text.Led_forward_short_side)
    [Anonymous Symbol]                       0x0000297c   Section        0  app.o(.text.Led_rotate)
    [Anonymous Symbol]                       0x000029ac   Section        0  app.o(.text.Led_stop)
    [Anonymous Symbol]                       0x000029dc   Section        0  push_button_prog.o(.text.PUSH_BTN_intialize)
    [Anonymous Symbol]                       0x00002ab0   Section        0  push_button_prog.o(.text.PUSH_BTN_read_state)
    [Anonymous Symbol]                       0x00002b68   Section        0  pwm_prog.o(.text.PWM_init_all_channels)
    PWM_logic                                0x00002bc1   Thumb Code   238  pwm_prog.o(.text.PWM_logic)
    [Anonymous Symbol]                       0x00002bc0   Section        0  pwm_prog.o(.text.PWM_logic)
    [Anonymous Symbol]                       0x00002cb0   Section        0  pwm_prog.o(.text.PWM_set_Duty)
    [Anonymous Symbol]                       0x00002d2c   Section        0  system_tm4c123.o(.text.SystemInit)
    [Anonymous Symbol]                       0x00002e38   Section        0  gpt_program.o(.text.TIMER0A_Handler)
    [Anonymous Symbol]                       0x00002e6c   Section        0  gpt_program.o(.text.WTIMER0A_Handler)
    [Anonymous Symbol]                       0x00002ea0   Section        0  gpt_program.o(.text.WTIMER1A_Handler)
    __NVIC_DisableIRQ                        0x00002ed5   Thumb Code    60  gpt_program.o(.text.__NVIC_DisableIRQ)
    [Anonymous Symbol]                       0x00002ed4   Section        0  gpt_program.o(.text.__NVIC_DisableIRQ)
    __NVIC_EnableIRQ                         0x00002f11   Thumb Code    52  gpio_prog.o(.text.__NVIC_EnableIRQ)
    [Anonymous Symbol]                       0x00002f10   Section        0  gpio_prog.o(.text.__NVIC_EnableIRQ)
    __NVIC_EnableIRQ                         0x00002f45   Thumb Code    52  gpt_program.o(.text.__NVIC_EnableIRQ)
    [Anonymous Symbol]                       0x00002f44   Section        0  gpt_program.o(.text.__NVIC_EnableIRQ)
    [Anonymous Symbol]                       0x00002f78   Section        0  app.o(.text.app_init)
    [Anonymous Symbol]                       0x00002ff0   Section        0  app.o(.text.app_start)
    [Anonymous Symbol]                       0x000032e4   Section        0  app.o(.text.car_forward_long)
    [Anonymous Symbol]                       0x0000330c   Section        0  app.o(.text.car_forward_short)
    [Anonymous Symbol]                       0x00003338   Section        0  app.o(.text.car_rotate)
    [Anonymous Symbol]                       0x00003364   Section        0  app.o(.text.car_stop)
    [Anonymous Symbol]                       0x000033a8   Section        0  main.o(.text.main)
    pwm_init_timer                           0x000033bd   Thumb Code    48  pwm_prog.o(.text.pwm_init_timer)
    [Anonymous Symbol]                       0x000033bc   Section        0  pwm_prog.o(.text.pwm_init_timer)
    [Anonymous Symbol]                       0x000033ec   Section        0  app.o(.text.read_start_btn)
    [Anonymous Symbol]                       0x0000346c   Section        0  app.o(.text.stopSystem)
    [Anonymous Symbol]                       0x000034a4   Section        0  app.o(.text.timeOut)
    $v0                                      0x000034b4   Number         0  ddiv.o(x$fpl$ddiv)
    x$fpl$ddiv                               0x000034b4   Section      688  ddiv.o(x$fpl$ddiv)
    ddiv_entry                               0x000034bb   Thumb Code     0  ddiv.o(x$fpl$ddiv)
    $v0                                      0x00003764   Number         0  dfixu.o(x$fpl$dfixu)
    x$fpl$dfixu                              0x00003764   Section       90  dfixu.o(x$fpl$dfixu)
    $v0                                      0x000037be   Number         0  dflt_clz.o(x$fpl$dfltu)
    x$fpl$dfltu                              0x000037be   Section       38  dflt_clz.o(x$fpl$dfltu)
    $v0                                      0x000037e4   Number         0  dnaninf.o(x$fpl$dnaninf)
    x$fpl$dnaninf                            0x000037e4   Section      156  dnaninf.o(x$fpl$dnaninf)
    $v0                                      0x00003880   Number         0  dretinf.o(x$fpl$dretinf)
    x$fpl$dretinf                            0x00003880   Section       12  dretinf.o(x$fpl$dretinf)
    $v0                                      0x0000388c   Number         0  fpinit.o(x$fpl$fpinit)
    x$fpl$fpinit                             0x0000388c   Section       26  fpinit.o(x$fpl$fpinit)
    x$fpl$usenofp                            0x000038a6   Section        0  usenofp.o(x$fpl$usenofp)
    .bss                                     0x200000b8   Section       96  libspace.o(.bss)
    GPIO_ptrFuncportaIrqCallback             0x20000118   Data          32  gpio_prog.o(.bss.GPIO_ptrFuncportaIrqCallback)
    [Anonymous Symbol]                       0x20000118   Section        0  gpio_prog.o(.bss.GPIO_ptrFuncportaIrqCallback)
    GPIO_ptrFuncportbIrqCallback             0x20000138   Data          32  gpio_prog.o(.bss.GPIO_ptrFuncportbIrqCallback)
    [Anonymous Symbol]                       0x20000138   Section        0  gpio_prog.o(.bss.GPIO_ptrFuncportbIrqCallback)
    GPIO_ptrFuncportcIrqCallback             0x20000158   Data          32  gpio_prog.o(.bss.GPIO_ptrFuncportcIrqCallback)
    [Anonymous Symbol]                       0x20000158   Section        0  gpio_prog.o(.bss.GPIO_ptrFuncportcIrqCallback)
    GPIO_ptrFuncportdIrqCallback             0x20000178   Data          32  gpio_prog.o(.bss.GPIO_ptrFuncportdIrqCallback)
    [Anonymous Symbol]                       0x20000178   Section        0  gpio_prog.o(.bss.GPIO_ptrFuncportdIrqCallback)
    GPIO_ptrFuncporteIrqCallback             0x20000198   Data          24  gpio_prog.o(.bss.GPIO_ptrFuncporteIrqCallback)
    [Anonymous Symbol]                       0x20000198   Section        0  gpio_prog.o(.bss.GPIO_ptrFuncporteIrqCallback)
    GPIO_ptrFuncportfIrqCallback             0x200001b0   Data          32  gpio_prog.o(.bss.GPIO_ptrFuncportfIrqCallback)
    [Anonymous Symbol]                       0x200001b0   Section        0  gpio_prog.o(.bss.GPIO_ptrFuncportfIrqCallback)
    bool_gs_is_timer_init                    0x200001d6   Data          12  gpt_program.o(.bss.bool_gs_is_timer_init)
    [Anonymous Symbol]                       0x200001d6   Section        0  gpt_program.o(.bss.bool_gs_is_timer_init)
    ptrf_gs_array                            0x200001e4   Data          48  gpt_program.o(.bss.ptrf_gs_array)
    [Anonymous Symbol]                       0x200001e4   Section        0  gpt_program.o(.bss.ptrf_gs_array)
    Heap_Mem                                 0x20000220   Data           0  startup_tm4c123.o(HEAP)
    Stack_Mem                                0x20000220   Data         512  startup_tm4c123.o(STACK)
    HEAP                                     0x20000220   Section        0  startup_tm4c123.o(HEAP)
    STACK                                    0x20000220   Section      512  startup_tm4c123.o(STACK)
    __initial_sp                             0x20000420   Data           0  startup_tm4c123.o(STACK)

    Global Symbols

    Symbol Name                              Value     Ov Type        Size  Object(Section)

    BuildAttributes$$THM_ISAv4$E$P$D$K$B$S$7EM$VFPi3$EXTD16$VFPS$VFMA$PE$A:L22UL41UL21$X:L11$S22US41US21$IEEE1$IW$~IW$USESV6$~STKCKD$USESV7$~SHL$OSPACE$ROPI$EBA8$UX$STANDARDLIB$REQ8$PRES8$EABIv2 0x00000000   Number         0  anon$$obj.o ABSOLUTE
    __Vectors                                0x00000000   Data           4  startup_tm4c123.o(RESET)
    __ARM_exceptions_init                     - Undefined Weak Reference
    __alloca_initialize                       - Undefined Weak Reference
    __arm_preinit_                            - Undefined Weak Reference
    __cpp_initialize__aeabi_                  - Undefined Weak Reference
    __cxa_finalize                            - Undefined Weak Reference
    __rt_locale                               - Undefined Weak Reference
    __sigvec_lookup                           - Undefined Weak Reference
    _atexit_init                              - Undefined Weak Reference
    _call_atexit_fns                          - Undefined Weak Reference
    _clock_init                               - Undefined Weak Reference
    _fp_trap_init                             - Undefined Weak Reference
    _fp_trap_shutdown                         - Undefined Weak Reference
    _get_lc_collate                           - Undefined Weak Reference
    _get_lc_ctype                             - Undefined Weak Reference
    _get_lc_monetary                          - Undefined Weak Reference
    _get_lc_numeric                           - Undefined Weak Reference
    _get_lc_time                              - Undefined Weak Reference
    _getenv_init                              - Undefined Weak Reference
    _handle_redirection                       - Undefined Weak Reference
    _init_alloc                               - Undefined Weak Reference
    _init_user_alloc                          - Undefined Weak Reference
    _initio                                   - Undefined Weak Reference
    _rand_init                                - Undefined Weak Reference
    _signal_finish                            - Undefined Weak Reference
    _signal_init                              - Undefined Weak Reference
    _terminate_alloc                          - Undefined Weak Reference
    _terminate_user_alloc                     - Undefined Weak Reference
    _terminateio                              - Undefined Weak Reference
    __Vectors_End                            0x0000026c   Data           0  startup_tm4c123.o(RESET)
    __Vectors_Size                           0x0000026c   Number         0  startup_tm4c123.o ABSOLUTE
    __main                                   0x0000026d   Thumb Code     8  __main.o(!!!main)
    __scatterload                            0x00000275   Thumb Code     0  __scatter.o(!!!scatter)
    __scatterload_rt2                        0x00000275   Thumb Code    44  __scatter.o(!!!scatter)
    __scatterload_rt2_thumb_only             0x00000275   Thumb Code     0  __scatter.o(!!!scatter)
    __scatterload_null                       0x00000283   Thumb Code     0  __scatter.o(!!!scatter)
    __scatterload_copy                       0x000002a9   Thumb Code    26  __scatter_copy.o(!!handler_copy)
    __scatterload_zeroinit                   0x000002c5   Thumb Code    28  __scatter_zi.o(!!handler_zi)
    __rt_lib_init                            0x000002e1   Thumb Code     0  libinit.o(.ARM.Collect$$libinit$$00000000)
    __rt_lib_init_fp_1                       0x000002e3   Thumb Code     0  libinit2.o(.ARM.Collect$$libinit$$00000001)
    __rt_lib_init_argv_1                     0x000002e7   Thumb Code     0  libinit2.o(.ARM.Collect$$libinit$$00000027)
    __rt_lib_init_atexit_1                   0x000002e7   Thumb Code     0  libinit2.o(.ARM.Collect$$libinit$$0000001B)
    __rt_lib_init_clock_1                    0x000002e7   Thumb Code     0  libinit2.o(.ARM.Collect$$libinit$$00000021)
    __rt_lib_init_fp_trap_1                  0x000002e7   Thumb Code     0  libinit2.o(.ARM.Collect$$libinit$$0000001F)
    __rt_lib_init_getenv_1                   0x000002e7   Thumb Code     0  libinit2.o(.ARM.Collect$$libinit$$00000023)
    __rt_lib_init_heap_1                     0x000002e7   Thumb Code     0  libinit2.o(.ARM.Collect$$libinit$$0000000A)
    __rt_lib_init_heapregion_libspace_used   0x000002e7   Thumb Code     0  libinit2.o(.ARM.Collect$$libinit$$00000027)
    __rt_lib_init_lc_collate_1               0x000002e7   Thumb Code     0  libinit2.o(.ARM.Collect$$libinit$$00000011)
    __rt_lib_init_lc_ctype_1                 0x000002e7   Thumb Code     0  libinit2.o(.ARM.Collect$$libinit$$00000013)
    __rt_lib_init_lc_monetary_1              0x000002e7   Thumb Code     0  libinit2.o(.ARM.Collect$$libinit$$00000015)
    __rt_lib_init_lc_numeric_1               0x000002e7   Thumb Code     0  libinit2.o(.ARM.Collect$$libinit$$00000017)
    __rt_lib_init_lc_time_1                  0x000002e7   Thumb Code     0  libinit2.o(.ARM.Collect$$libinit$$00000019)
    __rt_lib_init_preinit_1                  0x000002e7   Thumb Code     0  libinit2.o(.ARM.Collect$$libinit$$00000004)
    __rt_lib_init_rand_1                     0x000002e7   Thumb Code     0  libinit2.o(.ARM.Collect$$libinit$$0000000E)
    __rt_lib_init_signal_1                   0x000002e7   Thumb Code     0  libinit2.o(.ARM.Collect$$libinit$$0000001D)
    __rt_lib_init_stdio_1                    0x000002e7   Thumb Code     0  libinit2.o(.ARM.Collect$$libinit$$00000025)
    __rt_lib_init_user_alloc_1               0x000002e7   Thumb Code     0  libinit2.o(.ARM.Collect$$libinit$$0000000C)
    __rt_lib_init_alloca_1                   0x000002ef   Thumb Code     0  libinit2.o(.ARM.Collect$$libinit$$0000002E)
    __rt_lib_init_cpp_1                      0x000002ef   Thumb Code     0  libinit2.o(.ARM.Collect$$libinit$$00000032)
    __rt_lib_init_exceptions_1               0x000002ef   Thumb Code     0  libinit2.o(.ARM.Collect$$libinit$$00000030)
    __rt_lib_init_return                     0x000002ef   Thumb Code     0  libinit2.o(.ARM.Collect$$libinit$$00000033)
    __rt_lib_shutdown                        0x000002f1   Thumb Code     0  libshutdown.o(.ARM.Collect$$libshutdown$$00000000)
    __rt_lib_shutdown_cpp_1                  0x000002f3   Thumb Code     0  libshutdown2.o(.ARM.Collect$$libshutdown$$00000002)
    __rt_lib_shutdown_fp_trap_1              0x000002f3   Thumb Code     0  libshutdown2.o(.ARM.Collect$$libshutdown$$00000007)
    __rt_lib_shutdown_heap_1                 0x000002f3   Thumb Code     0  libshutdown2.o(.ARM.Collect$$libshutdown$$0000000F)
    __rt_lib_shutdown_return                 0x000002f3   Thumb Code     0  libshutdown2.o(.ARM.Collect$$libshutdown$$00000010)
    __rt_lib_shutdown_signal_1               0x000002f3   Thumb Code     0  libshutdown2.o(.ARM.Collect$$libshutdown$$0000000A)
    __rt_lib_shutdown_stdio_1                0x000002f3   Thumb Code     0  libshutdown2.o(.ARM.Collect$$libshutdown$$00000004)
    __rt_lib_shutdown_user_alloc_1           0x000002f3   Thumb Code     0  libshutdown2.o(.ARM.Collect$$libshutdown$$0000000C)
    __rt_entry                               0x000002f5   Thumb Code     0  __rtentry.o(.ARM.Collect$$rtentry$$00000000)
    __rt_entry_presh_1                       0x000002f5   Thumb Code     0  __rtentry2.o(.ARM.Collect$$rtentry$$00000002)
    __rt_entry_sh                            0x000002f5   Thumb Code     0  __rtentry4.o(.ARM.Collect$$rtentry$$00000004)
    __rt_entry_li                            0x000002fb   Thumb Code     0  __rtentry2.o(.ARM.Collect$$rtentry$$0000000A)
    __rt_entry_postsh_1                      0x000002fb   Thumb Code     0  __rtentry2.o(.ARM.Collect$$rtentry$$00000009)
    __rt_entry_main                          0x000002ff   Thumb Code     0  __rtentry2.o(.ARM.Collect$$rtentry$$0000000D)
    __rt_entry_postli_1                      0x000002ff   Thumb Code     0  __rtentry2.o(.ARM.Collect$$rtentry$$0000000C)
    __rt_exit                                0x00000307   Thumb Code     0  rtexit.o(.ARM.Collect$$rtexit$$00000000)
    __rt_exit_ls                             0x00000309   Thumb Code     0  rtexit2.o(.ARM.Collect$$rtexit$$00000003)
    __rt_exit_prels_1                        0x00000309   Thumb Code     0  rtexit2.o(.ARM.Collect$$rtexit$$00000002)
    __rt_exit_exit                           0x0000030d   Thumb Code     0  rtexit2.o(.ARM.Collect$$rtexit$$00000004)
    __ARM_argv_veneer                        0x00000315   Thumb Code     4  argv_veneer.o(.emb_text)
    Reset_Handler                            0x00000319   Thumb Code     8  startup_tm4c123.o(.text)
    NMI_Handler                              0x00000321   Thumb Code     2  startup_tm4c123.o(.text)
    HardFault_Handler                        0x00000323   Thumb Code     2  startup_tm4c123.o(.text)
    MemManage_Handler                        0x00000325   Thumb Code     2  startup_tm4c123.o(.text)
    BusFault_Handler                         0x00000327   Thumb Code     2  startup_tm4c123.o(.text)
    UsageFault_Handler                       0x00000329   Thumb Code     2  startup_tm4c123.o(.text)
    SVC_Handler                              0x0000032b   Thumb Code     2  startup_tm4c123.o(.text)
    DebugMon_Handler                         0x0000032d   Thumb Code     2  startup_tm4c123.o(.text)
    PendSV_Handler                           0x0000032f   Thumb Code     2  startup_tm4c123.o(.text)
    SysTick_Handler                          0x00000331   Thumb Code     2  startup_tm4c123.o(.text)
    UART0_Handler                            0x0000033d   Thumb Code     2  startup_tm4c123.o(.text)
    UART1_Handler                            0x0000033f   Thumb Code     2  startup_tm4c123.o(.text)
    SSI0_Handler                             0x00000341   Thumb Code     2  startup_tm4c123.o(.text)
    I2C0_Handler                             0x00000343   Thumb Code     2  startup_tm4c123.o(.text)
    PMW0_FAULT_Handler                       0x00000345   Thumb Code     2  startup_tm4c123.o(.text)
    PWM0_0_Handler                           0x00000347   Thumb Code     2  startup_tm4c123.o(.text)
    PWM0_1_Handler                           0x00000349   Thumb Code     2  startup_tm4c123.o(.text)
    PWM0_2_Handler                           0x0000034b   Thumb Code     2  startup_tm4c123.o(.text)
    QEI0_Handler                             0x0000034d   Thumb Code     2  startup_tm4c123.o(.text)
    ADC0SS0_Handler                          0x0000034f   Thumb Code     2  startup_tm4c123.o(.text)
    ADC0SS1_Handler                          0x00000351   Thumb Code     2  startup_tm4c123.o(.text)
    ADC0SS2_Handler                          0x00000353   Thumb Code     2  startup_tm4c123.o(.text)
    ADC0SS3_Handler                          0x00000355   Thumb Code     2  startup_tm4c123.o(.text)
    WDT0_Handler                             0x00000357   Thumb Code     2  startup_tm4c123.o(.text)
    TIMER0B_Handler                          0x0000035b   Thumb Code     2  startup_tm4c123.o(.text)
    TIMER1A_Handler                          0x0000035d   Thumb Code     2  startup_tm4c123.o(.text)
    TIMER1B_Handler                          0x0000035f   Thumb Code     2  startup_tm4c123.o(.text)
    TIMER2A_Handler                          0x00000361   Thumb Code     2  startup_tm4c123.o(.text)
    TIMER2B_Handler                          0x00000363   Thumb Code     2  startup_tm4c123.o(.text)
    COMP0_Handler                            0x00000365   Thumb Code     2  startup_tm4c123.o(.text)
    COMP1_Handler                            0x00000367   Thumb Code     2  startup_tm4c123.o(.text)
    COMP2_Handler                            0x00000369   Thumb Code     2  startup_tm4c123.o(.text)
    SYSCTL_Handler                           0x0000036b   Thumb Code     2  startup_tm4c123.o(.text)
    FLASH_Handler                            0x0000036d   Thumb Code     2  startup_tm4c123.o(.text)
    GPIOG_Handler                            0x00000371   Thumb Code     2  startup_tm4c123.o(.text)
    GPIOH_Handler                            0x00000373   Thumb Code     2  startup_tm4c123.o(.text)
    UART2_Handler                            0x00000375   Thumb Code     2  startup_tm4c123.o(.text)
    SSI1_Handler                             0x00000377   Thumb Code     2  startup_tm4c123.o(.text)
    TIMER3A_Handler                          0x00000379   Thumb Code     2  startup_tm4c123.o(.text)
    TIMER3B_Handler                          0x0000037b   Thumb Code     2  startup_tm4c123.o(.text)
    I2C1_Handler                             0x0000037d   Thumb Code     2  startup_tm4c123.o(.text)
    QEI1_Handler                             0x0000037f   Thumb Code     2  startup_tm4c123.o(.text)
    CAN0_Handler                             0x00000381   Thumb Code     2  startup_tm4c123.o(.text)
    CAN1_Handler                             0x00000383   Thumb Code     2  startup_tm4c123.o(.text)
    CAN2_Handler                             0x00000385   Thumb Code     2  startup_tm4c123.o(.text)
    HIB_Handler                              0x00000387   Thumb Code     2  startup_tm4c123.o(.text)
    USB0_Handler                             0x00000389   Thumb Code     2  startup_tm4c123.o(.text)
    PWM0_3_Handler                           0x0000038b   Thumb Code     2  startup_tm4c123.o(.text)
    UDMA_Handler                             0x0000038d   Thumb Code     2  startup_tm4c123.o(.text)
    UDMAERR_Handler                          0x0000038f   Thumb Code     2  startup_tm4c123.o(.text)
    ADC1SS0_Handler                          0x00000391   Thumb Code     2  startup_tm4c123.o(.text)
    ADC1SS1_Handler                          0x00000393   Thumb Code     2  startup_tm4c123.o(.text)
    ADC1SS2_Handler                          0x00000395   Thumb Code     2  startup_tm4c123.o(.text)
    ADC1SS3_Handler                          0x00000397   Thumb Code     2  startup_tm4c123.o(.text)
    GPIOJ_Handler                            0x00000399   Thumb Code     2  startup_tm4c123.o(.text)
    GPIOK_Handler                            0x0000039b   Thumb Code     2  startup_tm4c123.o(.text)
    GPIOL_Handler                            0x0000039d   Thumb Code     2  startup_tm4c123.o(.text)
    SSI2_Handler                             0x0000039f   Thumb Code     2  startup_tm4c123.o(.text)
    SSI3_Handler                             0x000003a1   Thumb Code     2  startup_tm4c123.o(.text)
    UART3_Handler                            0x000003a3   Thumb Code     2  startup_tm4c123.o(.text)
    UART4_Handler                            0x000003a5   Thumb Code     2  startup_tm4c123.o(.text)
    UART5_Handler                            0x000003a7   Thumb Code     2  startup_tm4c123.o(.text)
    UART6_Handler                            0x000003a9   Thumb Code     2  startup_tm4c123.o(.text)
    UART7_Handler                            0x000003ab   Thumb Code     2  startup_tm4c123.o(.text)
    I2C2_Handler                             0x000003ad   Thumb Code     2  startup_tm4c123.o(.text)
    I2C3_Handler                             0x000003af   Thumb Code     2  startup_tm4c123.o(.text)
    TIMER4A_Handler                          0x000003b1   Thumb Code     2  startup_tm4c123.o(.text)
    TIMER4B_Handler                          0x000003b3   Thumb Code     2  startup_tm4c123.o(.text)
    TIMER5A_Handler                          0x000003b5   Thumb Code     2  startup_tm4c123.o(.text)
    TIMER5B_Handler                          0x000003b7   Thumb Code     2  startup_tm4c123.o(.text)
    WTIMER0B_Handler                         0x000003bb   Thumb Code     2  startup_tm4c123.o(.text)
    WTIMER1B_Handler                         0x000003bf   Thumb Code     2  startup_tm4c123.o(.text)
    WTIMER2A_Handler                         0x000003c1   Thumb Code     2  startup_tm4c123.o(.text)
    WTIMER2B_Handler                         0x000003c3   Thumb Code     2  startup_tm4c123.o(.text)
    WTIMER3A_Handler                         0x000003c5   Thumb Code     2  startup_tm4c123.o(.text)
    WTIMER3B_Handler                         0x000003c7   Thumb Code     2  startup_tm4c123.o(.text)
    WTIMER4A_Handler                         0x000003c9   Thumb Code     2  startup_tm4c123.o(.text)
    WTIMER4B_Handler                         0x000003cb   Thumb Code     2  startup_tm4c123.o(.text)
    WTIMER5A_Handler                         0x000003cd   Thumb Code     2  startup_tm4c123.o(.text)
    WTIMER5B_Handler                         0x000003cf   Thumb Code     2  startup_tm4c123.o(.text)
    FPU_Handler                              0x000003d1   Thumb Code     2  startup_tm4c123.o(.text)
    I2C4_Handler                             0x000003d3   Thumb Code     2  startup_tm4c123.o(.text)
    I2C5_Handler                             0x000003d5   Thumb Code     2  startup_tm4c123.o(.text)
    GPIOM_Handler                            0x000003d7   Thumb Code     2  startup_tm4c123.o(.text)
    GPION_Handler                            0x000003d9   Thumb Code     2  startup_tm4c123.o(.text)
    QEI2_Handler                             0x000003db   Thumb Code     2  startup_tm4c123.o(.text)
    GPIOP0_Handler                           0x000003dd   Thumb Code     2  startup_tm4c123.o(.text)
    GPIOP1_Handler                           0x000003df   Thumb Code     2  startup_tm4c123.o(.text)
    GPIOP2_Handler                           0x000003e1   Thumb Code     2  startup_tm4c123.o(.text)
    GPIOP3_Handler                           0x000003e3   Thumb Code     2  startup_tm4c123.o(.text)
    GPIOP4_Handler                           0x000003e5   Thumb Code     2  startup_tm4c123.o(.text)
    GPIOP5_Handler                           0x000003e7   Thumb Code     2  startup_tm4c123.o(.text)
    GPIOP6_Handler                           0x000003e9   Thumb Code     2  startup_tm4c123.o(.text)
    GPIOP7_Handler                           0x000003eb   Thumb Code     2  startup_tm4c123.o(.text)
    GPIOQ0_Handler                           0x000003ed   Thumb Code     2  startup_tm4c123.o(.text)
    GPIOQ1_Handler                           0x000003ef   Thumb Code     2  startup_tm4c123.o(.text)
    GPIOQ2_Handler                           0x000003f1   Thumb Code     2  startup_tm4c123.o(.text)
    GPIOQ3_Handler                           0x000003f3   Thumb Code     2  startup_tm4c123.o(.text)
    GPIOQ4_Handler                           0x000003f5   Thumb Code     2  startup_tm4c123.o(.text)
    GPIOQ5_Handler                           0x000003f7   Thumb Code     2  startup_tm4c123.o(.text)
    GPIOQ6_Handler                           0x000003f9   Thumb Code     2  startup_tm4c123.o(.text)
    GPIOQ7_Handler                           0x000003fb   Thumb Code     2  startup_tm4c123.o(.text)
    GPIOR_Handler                            0x000003fd   Thumb Code     2  startup_tm4c123.o(.text)
    GPIOS_Handler                            0x000003ff   Thumb Code     2  startup_tm4c123.o(.text)
    PMW1_0_Handler                           0x00000401   Thumb Code     2  startup_tm4c123.o(.text)
    PWM1_1_Handler                           0x00000403   Thumb Code     2  startup_tm4c123.o(.text)
    PWM1_2_Handler                           0x00000405   Thumb Code     2  startup_tm4c123.o(.text)
    PWM1_3_Handler                           0x00000407   Thumb Code     2  startup_tm4c123.o(.text)
    PWM1_FAULT_Handler                       0x00000409   Thumb Code     2  startup_tm4c123.o(.text)
    __user_initial_stackheap                 0x0000040d   Thumb Code     0  startup_tm4c123.o(.text)
    __use_two_region_memory                  0x0000042d   Thumb Code     2  heapauxi.o(.text)
    __rt_heap_escrow$2region                 0x0000042f   Thumb Code     2  heapauxi.o(.text)
    __rt_heap_expand$2region                 0x00000431   Thumb Code     2  heapauxi.o(.text)
    __user_setup_stackheap                   0x00000433   Thumb Code    74  sys_stackheap_outer.o(.text)
    exit                                     0x0000047d   Thumb Code    18  exit.o(.text)
    __user_libspace                          0x00000491   Thumb Code     8  libspace.o(.text)
    __user_perproc_libspace                  0x00000491   Thumb Code     0  libspace.o(.text)
    __user_perthread_libspace                0x00000491   Thumb Code     0  libspace.o(.text)
    _sys_exit                                0x00000499   Thumb Code     8  sys_exit.o(.text)
    __argv_alloc                             0x000004a5   Thumb Code    34  _get_argv_nomalloc.o(.text)
    __ARM_get_argv                           0x000004c7   Thumb Code   268  _get_argv_nomalloc.o(.text)
    _sys_command_string                      0x000005d3   Thumb Code    24  sys_command.o(.text)
    __I$use$semihosting                      0x000005eb   Thumb Code     0  use_no_semi.o(.text)
    __use_no_semihosting_swi                 0x000005eb   Thumb Code     2  use_no_semi.o(.text)
    __semihosting_library_function           0x000005ed   Thumb Code     0  indicate_semi.o(.text)
    __use_no_heap_region                     0x000005ed   Thumb Code     2  hrguard.o(.text)
    __heap_region$guard                      0x000005ef   Thumb Code     2  hrguard.o(.text)
    __rt_SIGRTMEM                            0x000005f1   Thumb Code    14  defsig_rtmem_outer.o(.text)
    __sig_exit                               0x000005ff   Thumb Code    10  defsig_exit.o(.text)
    __rt_SIGRTMEM_inner                      0x00000609   Thumb Code    22  defsig_rtmem_inner.o(.text)
    __default_signal_display                 0x00000659   Thumb Code    50  defsig_general.o(.text)
    _ttywrch                                 0x0000068b   Thumb Code    14  sys_wrch.o(.text)
    DCM_MoveForward                          0x00000699   Thumb Code   150  dc_motor_prog.o(.text.DCM_MoveForward)
    DCM_changeDCMDirection                   0x00000731   Thumb Code    98  dc_motor_prog.o(.text.DCM_changeDCMDirection)
    DCM_init                                 0x00000795   Thumb Code   140  dc_motor_prog.o(.text.DCM_init)
    DCM_rotateDCM                            0x00000821   Thumb Code    86  dc_motor_prog.o(.text.DCM_rotateDCM)
    DCM_stopMotor                            0x00000879   Thumb Code   132  dc_motor_prog.o(.text.DCM_stopMotor)
    DCM_u8SetDutyCycleOfPWM                  0x000008fd   Thumb Code    54  dc_motor_prog.o(.text.DCM_u8SetDutyCycleOfPWM)
    GPIOA_Handler                            0x00000935   Thumb Code   136  gpio_prog.o(.text.GPIOA_Handler)
    GPIOB_Handler                            0x000009bd   Thumb Code   136  gpio_prog.o(.text.GPIOB_Handler)
    GPIOC_Handler                            0x00000a45   Thumb Code   136  gpio_prog.o(.text.GPIOC_Handler)
    GPIOD_Handler                            0x00000acd   Thumb Code   136  gpio_prog.o(.text.GPIOD_Handler)
    GPIOE_Handler                            0x00000b55   Thumb Code   136  gpio_prog.o(.text.GPIOE_Handler)
    GPIOF_Handler                            0x00000bdd   Thumb Code   136  gpio_prog.o(.text.GPIOF_Handler)
    GPIO_init                                0x00000c65   Thumb Code  3916  gpio_prog.o(.text.GPIO_init)
    GPIO_interruptPortEnable                 0x00001bb1   Thumb Code   206  gpio_prog.o(.text.GPIO_interruptPortEnable)
    GPIO_readLogic                           0x00001c81   Thumb Code   142  gpio_prog.o(.text.GPIO_readLogic)
    GPIO_setPinCallbackHandelr               0x00001d11   Thumb Code   294  gpio_prog.o(.text.GPIO_setPinCallbackHandelr)
    GPIO_toggleLogic                         0x00001e39   Thumb Code   104  gpio_prog.o(.text.GPIO_toggleLogic)
    GPIO_writeLogic                          0x00001ea1   Thumb Code   202  gpio_prog.o(.text.GPIO_writeLogic)
    GPT_disable_interrupt                    0x00001f6d   Thumb Code   162  gpt_program.o(.text.GPT_disable_interrupt)
    GPT_enable_interrupt                     0x00002011   Thumb Code   186  gpt_program.o(.text.GPT_enable_interrupt)
    GPT_init                                 0x000020cd   Thumb Code   736  gpt_program.o(.text.GPT_init)
    GPT_start_timer                          0x000023b1   Thumb Code   680  gpt_program.o(.text.GPT_start_timer)
    GPT_stop_timer                           0x00002659   Thumb Code   100  gpt_program.o(.text.GPT_stop_timer)
    HANDLER_init                             0x000026bd   Thumb Code    54  htimer_program.o(.text.HANDLER_init)
    HANDLER_start_timer                      0x000026f5   Thumb Code   138  htimer_program.o(.text.HANDLER_start_timer)
    LED_initialize                           0x00002781   Thumb Code   134  led_prog.o(.text.LED_initialize)
    LED_turnOff                              0x00002809   Thumb Code   140  led_prog.o(.text.LED_turnOff)
    LED_turnOn                               0x00002895   Thumb Code   136  led_prog.o(.text.LED_turnOn)
    Led_forward_long_side                    0x0000291d   Thumb Code    48  app.o(.text.Led_forward_long_side)
    Led_forward_short_side                   0x0000294d   Thumb Code    46  app.o(.text.Led_forward_short_side)
    Led_rotate                               0x0000297d   Thumb Code    48  app.o(.text.Led_rotate)
    Led_stop                                 0x000029ad   Thumb Code    46  app.o(.text.Led_stop)
    PUSH_BTN_intialize                       0x000029dd   Thumb Code   210  push_button_prog.o(.text.PUSH_BTN_intialize)
    PUSH_BTN_read_state                      0x00002ab1   Thumb Code   182  push_button_prog.o(.text.PUSH_BTN_read_state)
    PWM_init_all_channels                    0x00002b69   Thumb Code    88  pwm_prog.o(.text.PWM_init_all_channels)
    PWM_set_Duty                             0x00002cb1   Thumb Code   122  pwm_prog.o(.text.PWM_set_Duty)
    SystemInit                               0x00002d2d   Thumb Code   268  system_tm4c123.o(.text.SystemInit)
    TIMER0A_Handler                          0x00002e39   Thumb Code    50  gpt_program.o(.text.TIMER0A_Handler)
    WTIMER0A_Handler                         0x00002e6d   Thumb Code    52  gpt_program.o(.text.WTIMER0A_Handler)
    WTIMER1A_Handler                         0x00002ea1   Thumb Code    52  gpt_program.o(.text.WTIMER1A_Handler)
    app_init                                 0x00002f79   Thumb Code   118  app.o(.text.app_init)
    app_start                                0x00002ff1   Thumb Code   754  app.o(.text.app_start)
    car_forward_long                         0x000032e5   Thumb Code    40  app.o(.text.car_forward_long)
    car_forward_short                        0x0000330d   Thumb Code    42  app.o(.text.car_forward_short)
    car_rotate                               0x00003339   Thumb Code    42  app.o(.text.car_rotate)
    car_stop                                 0x00003365   Thumb Code    66  app.o(.text.car_stop)
    main                                     0x000033a9   Thumb Code    20  main.o(.text.main)
    read_start_btn                           0x000033ed   Thumb Code   128  app.o(.text.read_start_btn)
    stopSystem                               0x0000346d   Thumb Code    54  app.o(.text.stopSystem)
    timeOut                                  0x000034a5   Thumb Code    14  app.o(.text.timeOut)
    __aeabi_ddiv                             0x000034b5   Thumb Code     0  ddiv.o(x$fpl$ddiv)
    _ddiv                                    0x000034b5   Thumb Code   552  ddiv.o(x$fpl$ddiv)
    __aeabi_d2uiz                            0x00003765   Thumb Code     0  dfixu.o(x$fpl$dfixu)
    _dfixu                                   0x00003765   Thumb Code    90  dfixu.o(x$fpl$dfixu)
    __aeabi_ui2d                             0x000037bf   Thumb Code     0  dflt_clz.o(x$fpl$dfltu)
    _dfltu                                   0x000037bf   Thumb Code    38  dflt_clz.o(x$fpl$dfltu)
    __fpl_dnaninf                            0x000037e5   Thumb Code   156  dnaninf.o(x$fpl$dnaninf)
    __fpl_dretinf                            0x00003881   Thumb Code    12  dretinf.o(x$fpl$dretinf)
    _fp_init                                 0x0000388d   Thumb Code    26  fpinit.o(x$fpl$fpinit)
    __fplib_config_fpu_vfp                   0x000038a5   Thumb Code     0  fpinit.o(x$fpl$fpinit)
    __fplib_config_pureend_doubles           0x000038a5   Thumb Code     0  fpinit.o(x$fpl$fpinit)
    __I$use$fp                               0x000038a6   Number         0  usenofp.o(x$fpl$usenofp)
    Region$$Table$$Base                      0x000038a8   Number         0  anon$$obj.o(Region$$Table)
    Region$$Table$$Limit                     0x000038c8   Number         0  anon$$obj.o(Region$$Table)
    SystemCoreClock                          0x20000000   Data           4  system_tm4c123.o(.data.SystemCoreClock)
    a_ledCfgPins                             0x20000004   Data           9  led_config.o(.data.a_ledCfgPins)
    a_pushBtnCfgPins                         0x2000000d   Data           6  push_button_cfg.o(.data.a_pushBtnCfgPins)
    arr_str_gconst_pwm_configs               0x20000014   Data          48  pwm_cfg.o(.data.arr_str_gconst_pwm_configs)
    bool_gl_is_high                          0x20000044   Data           1  pwm_prog.o(.data.bool_gl_is_high)
    enu_gl_car_state                         0x20000045   Data           1  app.o(.data.enu_gl_car_state)
    gl_str_GPT_config                        0x20000048   Data           8  pwm_prog.o(.data.gl_str_GPT_config)
    str_g_carMotors                          0x20000050   Data          96  dcm_cfg.o(.data.str_g_carMotors)
    str_gl_timer                             0x200000b0   Data           8  app.o(.data.str_gl_timer)
    __libspace_start                         0x200000b8   Data          96  libspace.o(.bss)
    __temporary_stack_top$libspace           0x20000118   Data           0  libspace.o(.bss)
    bool_gl_idle_stop                        0x200001d0   Data           1  app.o(.bss.bool_gl_idle_stop)
    bool_gl_is_init                          0x200001d1   Data           2  pwm_prog.o(.bss.bool_gl_is_init)
    bool_gl_is_timeOut                       0x200001d3   Data           1  app.o(.bss.bool_gl_is_timeOut)
    bool_gl_is_timer_init                    0x200001d4   Data           1  pwm_prog.o(.bss.bool_gl_is_timer_init)
    bool_gl_lock_state                       0x200001d5   Data           1  app.o(.bss.bool_gl_lock_state)
    u16_gs_high_period                       0x20000214   Data           2  pwm_prog.o(.bss.u16_gs_high_period)
    u16_gs_low_period                        0x20000216   Data           2  pwm_prog.o(.bss.u16_gs_low_period)
    u8_gl_stop_or_rotate                     0x20000218   Data           1  app.o(.bss.u8_gl_stop_or_rotate)



==============================================================================

Memory Map of the image

  Image Entry point : 0x00000319

  Load Region LR_1 (Base: 0x00000000, Size: 0x00003980, Max: 0xffffffff, ABSOLUTE)

    Execution Region ER_RO (Exec base: 0x00000000, Load base: 0x00000000, Size: 0x000038c8, Max: 0xffffffff, ABSOLUTE)

    Exec Addr    Load Addr    Size         Type   Attr      Idx    E Section Name        Object

    0x00000000   0x00000000   0x0000026c   Data   RO          270    RESET               startup_tm4c123.o
    0x0000026c   0x0000026c   0x00000008   Code   RO          296  * !!!main             c_w.l(__main.o)
    0x00000274   0x00000274   0x00000034   Code   RO          478    !!!scatter          c_w.l(__scatter.o)
    0x000002a8   0x000002a8   0x0000001a   Code   RO          480    !!handler_copy      c_w.l(__scatter_copy.o)
    0x000002c2   0x000002c2   0x00000002   PAD
    0x000002c4   0x000002c4   0x0000001c   Code   RO          482    !!handler_zi        c_w.l(__scatter_zi.o)
    0x000002e0   0x000002e0   0x00000002   Code   RO          342    .ARM.Collect$$libinit$$00000000  c_w.l(libinit.o)
    0x000002e2   0x000002e2   0x00000004   Code   RO          348    .ARM.Collect$$libinit$$00000001  c_w.l(libinit2.o)
    0x000002e6   0x000002e6   0x00000000   Code   RO          351    .ARM.Collect$$libinit$$00000004  c_w.l(libinit2.o)
    0x000002e6   0x000002e6   0x00000000   Code   RO          354    .ARM.Collect$$libinit$$0000000A  c_w.l(libinit2.o)
    0x000002e6   0x000002e6   0x00000000   Code   RO          356    .ARM.Collect$$libinit$$0000000C  c_w.l(libinit2.o)
    0x000002e6   0x000002e6   0x00000000   Code   RO          358    .ARM.Collect$$libinit$$0000000E  c_w.l(libinit2.o)
    0x000002e6   0x000002e6   0x00000000   Code   RO          361    .ARM.Collect$$libinit$$00000011  c_w.l(libinit2.o)
    0x000002e6   0x000002e6   0x00000000   Code   RO          363    .ARM.Collect$$libinit$$00000013  c_w.l(libinit2.o)
    0x000002e6   0x000002e6   0x00000000   Code   RO          365    .ARM.Collect$$libinit$$00000015  c_w.l(libinit2.o)
    0x000002e6   0x000002e6   0x00000000   Code   RO          367    .ARM.Collect$$libinit$$00000017  c_w.l(libinit2.o)
    0x000002e6   0x000002e6   0x00000000   Code   RO          369    .ARM.Collect$$libinit$$00000019  c_w.l(libinit2.o)
    0x000002e6   0x000002e6   0x00000000   Code   RO          371    .ARM.Collect$$libinit$$0000001B  c_w.l(libinit2.o)
    0x000002e6   0x000002e6   0x00000000   Code   RO          373    .ARM.Collect$$libinit$$0000001D  c_w.l(libinit2.o)
    0x000002e6   0x000002e6   0x00000000   Code   RO          375    .ARM.Collect$$libinit$$0000001F  c_w.l(libinit2.o)
    0x000002e6   0x000002e6   0x00000000   Code   RO          377    .ARM.Collect$$libinit$$00000021  c_w.l(libinit2.o)
    0x000002e6   0x000002e6   0x00000000   Code   RO          379    .ARM.Collect$$libinit$$00000023  c_w.l(libinit2.o)
    0x000002e6   0x000002e6   0x00000000   Code   RO          381    .ARM.Collect$$libinit$$00000025  c_w.l(libinit2.o)
    0x000002e6   0x000002e6   0x00000008   Code   RO          383    .ARM.Collect$$libinit$$00000027  c_w.l(libinit2.o)
    0x000002ee   0x000002ee   0x00000000   Code   RO          387    .ARM.Collect$$libinit$$0000002E  c_w.l(libinit2.o)
    0x000002ee   0x000002ee   0x00000000   Code   RO          389    .ARM.Collect$$libinit$$00000030  c_w.l(libinit2.o)
    0x000002ee   0x000002ee   0x00000000   Code   RO          391    .ARM.Collect$$libinit$$00000032  c_w.l(libinit2.o)
    0x000002ee   0x000002ee   0x00000002   Code   RO          392    .ARM.Collect$$libinit$$00000033  c_w.l(libinit2.o)
    0x000002f0   0x000002f0   0x00000002   Code   RO          414    .ARM.Collect$$libshutdown$$00000000  c_w.l(libshutdown.o)
    0x000002f2   0x000002f2   0x00000000   Code   RO          429    .ARM.Collect$$libshutdown$$00000002  c_w.l(libshutdown2.o)
    0x000002f2   0x000002f2   0x00000000   Code   RO          431    .ARM.Collect$$libshutdown$$00000004  c_w.l(libshutdown2.o)
    0x000002f2   0x000002f2   0x00000000   Code   RO          434    .ARM.Collect$$libshutdown$$00000007  c_w.l(libshutdown2.o)
    0x000002f2   0x000002f2   0x00000000   Code   RO          437    .ARM.Collect$$libshutdown$$0000000A  c_w.l(libshutdown2.o)
    0x000002f2   0x000002f2   0x00000000   Code   RO          439    .ARM.Collect$$libshutdown$$0000000C  c_w.l(libshutdown2.o)
    0x000002f2   0x000002f2   0x00000000   Code   RO          442    .ARM.Collect$$libshutdown$$0000000F  c_w.l(libshutdown2.o)
    0x000002f2   0x000002f2   0x00000002   Code   RO          443    .ARM.Collect$$libshutdown$$00000010  c_w.l(libshutdown2.o)
    0x000002f4   0x000002f4   0x00000000   Code   RO          312    .ARM.Collect$$rtentry$$00000000  c_w.l(__rtentry.o)
    0x000002f4   0x000002f4   0x00000000   Code   RO          319    .ARM.Collect$$rtentry$$00000002  c_w.l(__rtentry2.o)
    0x000002f4   0x000002f4   0x00000006   Code   RO          331    .ARM.Collect$$rtentry$$00000004  c_w.l(__rtentry4.o)
    0x000002fa   0x000002fa   0x00000000   Code   RO          321    .ARM.Collect$$rtentry$$00000009  c_w.l(__rtentry2.o)
    0x000002fa   0x000002fa   0x00000004   Code   RO          322    .ARM.Collect$$rtentry$$0000000A  c_w.l(__rtentry2.o)
    0x000002fe   0x000002fe   0x00000000   Code   RO          324    .ARM.Collect$$rtentry$$0000000C  c_w.l(__rtentry2.o)
    0x000002fe   0x000002fe   0x00000008   Code   RO          325    .ARM.Collect$$rtentry$$0000000D  c_w.l(__rtentry2.o)
    0x00000306   0x00000306   0x00000002   Code   RO          346    .ARM.Collect$$rtexit$$00000000  c_w.l(rtexit.o)
    0x00000308   0x00000308   0x00000000   Code   RO          394    .ARM.Collect$$rtexit$$00000002  c_w.l(rtexit2.o)
    0x00000308   0x00000308   0x00000004   Code   RO          395    .ARM.Collect$$rtexit$$00000003  c_w.l(rtexit2.o)
    0x0000030c   0x0000030c   0x00000006   Code   RO          396    .ARM.Collect$$rtexit$$00000004  c_w.l(rtexit2.o)
    0x00000312   0x00000312   0x00000002   PAD
    0x00000314   0x00000314   0x00000004   Code   RO          400    .emb_text           c_w.l(argv_veneer.o)
    0x00000318   0x00000318   0x00000114   Code   RO          271  * .text               startup_tm4c123.o
    0x0000042c   0x0000042c   0x00000006   Code   RO          294    .text               c_w.l(heapauxi.o)
    0x00000432   0x00000432   0x0000004a   Code   RO          333    .text               c_w.l(sys_stackheap_outer.o)
    0x0000047c   0x0000047c   0x00000012   Code   RO          335    .text               c_w.l(exit.o)
    0x0000048e   0x0000048e   0x00000002   PAD
    0x00000490   0x00000490   0x00000008   Code   RO          343    .text               c_w.l(libspace.o)
    0x00000498   0x00000498   0x0000000c   Code   RO          404    .text               c_w.l(sys_exit.o)
    0x000004a4   0x000004a4   0x0000012e   Code   RO          410    .text               c_w.l(_get_argv_nomalloc.o)
    0x000005d2   0x000005d2   0x00000018   Code   RO          415    .text               c_w.l(sys_command.o)
    0x000005ea   0x000005ea   0x00000002   Code   RO          419    .text               c_w.l(use_no_semi.o)
    0x000005ec   0x000005ec   0x00000000   Code   RO          421    .text               c_w.l(indicate_semi.o)
    0x000005ec   0x000005ec   0x00000004   Code   RO          422    .text               c_w.l(hrguard.o)
    0x000005f0   0x000005f0   0x0000000e   Code   RO          424    .text               c_w.l(defsig_rtmem_outer.o)
    0x000005fe   0x000005fe   0x0000000a   Code   RO          446    .text               c_w.l(defsig_exit.o)
    0x00000608   0x00000608   0x00000050   Code   RO          448    .text               c_w.l(defsig_rtmem_inner.o)
    0x00000658   0x00000658   0x00000032   Code   RO          452    .text               c_w.l(defsig_general.o)
    0x0000068a   0x0000068a   0x0000000e   Code   RO          454    .text               c_w.l(sys_wrch.o)
    0x00000698   0x00000698   0x00000096   Code   RO          135    .text.DCM_MoveForward  dc_motor_prog.o
    0x0000072e   0x0000072e   0x00000002   PAD
    0x00000730   0x00000730   0x00000062   Code   RO          125    .text.DCM_changeDCMDirection  dc_motor_prog.o
    0x00000792   0x00000792   0x00000002   PAD
    0x00000794   0x00000794   0x0000008c   Code   RO          123    .text.DCM_init      dc_motor_prog.o
    0x00000820   0x00000820   0x00000056   Code   RO          133    .text.DCM_rotateDCM  dc_motor_prog.o
    0x00000876   0x00000876   0x00000002   PAD
    0x00000878   0x00000878   0x00000084   Code   RO          127    .text.DCM_stopMotor  dc_motor_prog.o
    0x000008fc   0x000008fc   0x00000036   Code   RO          129    .text.DCM_u8SetDutyCycleOfPWM  dc_motor_prog.o
    0x00000932   0x00000932   0x00000002   PAD
    0x00000934   0x00000934   0x00000088   Code   RO           31    .text.GPIOA_Handler  gpio_prog.o
    0x000009bc   0x000009bc   0x00000088   Code   RO           33    .text.GPIOB_Handler  gpio_prog.o
    0x00000a44   0x00000a44   0x00000088   Code   RO           35    .text.GPIOC_Handler  gpio_prog.o
    0x00000acc   0x00000acc   0x00000088   Code   RO           37    .text.GPIOD_Handler  gpio_prog.o
    0x00000b54   0x00000b54   0x00000088   Code   RO           39    .text.GPIOE_Handler  gpio_prog.o
    0x00000bdc   0x00000bdc   0x00000088   Code   RO           41    .text.GPIOF_Handler  gpio_prog.o
    0x00000c64   0x00000c64   0x00000f4c   Code   RO            9    .text.GPIO_init     gpio_prog.o
    0x00001bb0   0x00001bb0   0x000000ce   Code   RO           13    .text.GPIO_interruptPortEnable  gpio_prog.o
    0x00001c7e   0x00001c7e   0x00000002   PAD
    0x00001c80   0x00001c80   0x0000008e   Code   RO           19    .text.GPIO_readLogic  gpio_prog.o
    0x00001d0e   0x00001d0e   0x00000002   PAD
    0x00001d10   0x00001d10   0x00000126   Code   RO           11    .text.GPIO_setPinCallbackHandelr  gpio_prog.o
    0x00001e36   0x00001e36   0x00000002   PAD
    0x00001e38   0x00001e38   0x00000068   Code   RO           21    .text.GPIO_toggleLogic  gpio_prog.o
    0x00001ea0   0x00001ea0   0x000000ca   Code   RO           17    .text.GPIO_writeLogic  gpio_prog.o
    0x00001f6a   0x00001f6a   0x00000002   PAD
    0x00001f6c   0x00001f6c   0x000000a2   Code   RO           71    .text.GPT_disable_interrupt  gpt_program.o
    0x0000200e   0x0000200e   0x00000002   PAD
    0x00002010   0x00002010   0x000000ba   Code   RO           67    .text.GPT_enable_interrupt  gpt_program.o
    0x000020ca   0x000020ca   0x00000002   PAD
    0x000020cc   0x000020cc   0x000002e0   Code   RO           57    .text.GPT_init      gpt_program.o
    0x000023ac   0x000023ac   0x00000004   PAD
    0x000023b0   0x000023b0   0x000002a8   Code   RO           59    .text.GPT_start_timer  gpt_program.o
    0x00002658   0x00002658   0x00000064   Code   RO           61    .text.GPT_stop_timer  gpt_program.o
    0x000026bc   0x000026bc   0x00000036   Code   RO          207    .text.HANDLER_init  htimer_program.o
    0x000026f2   0x000026f2   0x00000002   PAD
    0x000026f4   0x000026f4   0x0000008a   Code   RO          209    .text.HANDLER_start_timer  htimer_program.o
    0x0000277e   0x0000277e   0x00000002   PAD
    0x00002780   0x00002780   0x00000086   Code   RO          107    .text.LED_initialize  led_prog.o
    0x00002806   0x00002806   0x00000002   PAD
    0x00002808   0x00002808   0x0000008c   Code   RO          111    .text.LED_turnOff   led_prog.o
    0x00002894   0x00002894   0x00000088   Code   RO          109    .text.LED_turnOn    led_prog.o
    0x0000291c   0x0000291c   0x00000030   Code   RO          249    .text.Led_forward_long_side  app.o
    0x0000294c   0x0000294c   0x0000002e   Code   RO          253    .text.Led_forward_short_side  app.o
    0x0000297a   0x0000297a   0x00000002   PAD
    0x0000297c   0x0000297c   0x00000030   Code   RO          251    .text.Led_rotate    app.o
    0x000029ac   0x000029ac   0x0000002e   Code   RO          237    .text.Led_stop      app.o
    0x000029da   0x000029da   0x00000002   PAD
    0x000029dc   0x000029dc   0x000000d2   Code   RO          195    .text.PUSH_BTN_intialize  push_button_prog.o
    0x00002aae   0x00002aae   0x00000002   PAD
    0x00002ab0   0x00002ab0   0x000000b6   Code   RO          197    .text.PUSH_BTN_read_state  push_button_prog.o
    0x00002b66   0x00002b66   0x00000002   PAD
    0x00002b68   0x00002b68   0x00000058   Code   RO          168    .text.PWM_init_all_channels  pwm_prog.o
    0x00002bc0   0x00002bc0   0x000000ee   Code   RO          162    .text.PWM_logic     pwm_prog.o
    0x00002cae   0x00002cae   0x00000002   PAD
    0x00002cb0   0x00002cb0   0x0000007a   Code   RO          170    .text.PWM_set_Duty  pwm_prog.o
    0x00002d2a   0x00002d2a   0x00000002   PAD
    0x00002d2c   0x00002d2c   0x0000010c   Code   RO          282    .text.SystemInit    system_tm4c123.o
    0x00002e38   0x00002e38   0x00000032   Code   RO           75    .text.TIMER0A_Handler  gpt_program.o
    0x00002e6a   0x00002e6a   0x00000002   PAD
    0x00002e6c   0x00002e6c   0x00000034   Code   RO           77    .text.WTIMER0A_Handler  gpt_program.o
    0x00002ea0   0x00002ea0   0x00000034   Code   RO           79    .text.WTIMER1A_Handler  gpt_program.o
    0x00002ed4   0x00002ed4   0x0000003c   Code   RO           73    .text.__NVIC_DisableIRQ  gpt_program.o
    0x00002f10   0x00002f10   0x00000034   Code   RO           25    .text.__NVIC_EnableIRQ  gpio_prog.o
    0x00002f44   0x00002f44   0x00000034   Code   RO           69    .text.__NVIC_EnableIRQ  gpt_program.o
    0x00002f78   0x00002f78   0x00000076   Code   RO          231    .text.app_init      app.o
    0x00002fee   0x00002fee   0x00000002   PAD
    0x00002ff0   0x00002ff0   0x000002f2   Code   RO          235    .text.app_start     app.o
    0x000032e2   0x000032e2   0x00000002   PAD
    0x000032e4   0x000032e4   0x00000028   Code   RO          241    .text.car_forward_long  app.o
    0x0000330c   0x0000330c   0x0000002a   Code   RO          247    .text.car_forward_short  app.o
    0x00003336   0x00003336   0x00000002   PAD
    0x00003338   0x00003338   0x0000002a   Code   RO          245    .text.car_rotate    app.o
    0x00003362   0x00003362   0x00000002   PAD
    0x00003364   0x00003364   0x00000042   Code   RO          243    .text.car_stop      app.o
    0x000033a6   0x000033a6   0x00000002   PAD
    0x000033a8   0x000033a8   0x00000014   Code   RO           91    .text.main          main.o
    0x000033bc   0x000033bc   0x00000030   Code   RO          166    .text.pwm_init_timer  pwm_prog.o
    0x000033ec   0x000033ec   0x00000080   Code   RO          239    .text.read_start_btn  app.o
    0x0000346c   0x0000346c   0x00000036   Code   RO          233    .text.stopSystem    app.o
    0x000034a2   0x000034a2   0x00000002   PAD
    0x000034a4   0x000034a4   0x0000000e   Code   RO          229    .text.timeOut       app.o
    0x000034b2   0x000034b2   0x00000002   PAD
    0x000034b4   0x000034b4   0x000002b0   Code   RO          299    x$fpl$ddiv          fz_wm.l(ddiv.o)
    0x00003764   0x00003764   0x0000005a   Code   RO          302    x$fpl$dfixu         fz_wm.l(dfixu.o)
    0x000037be   0x000037be   0x00000026   Code   RO          306    x$fpl$dfltu         fz_wm.l(dflt_clz.o)
    0x000037e4   0x000037e4   0x0000009c   Code   RO          313    x$fpl$dnaninf       fz_wm.l(dnaninf.o)
    0x00003880   0x00003880   0x0000000c   Code   RO          315    x$fpl$dretinf       fz_wm.l(dretinf.o)
    0x0000388c   0x0000388c   0x0000001a   Code   RO          402    x$fpl$fpinit        fz_wm.l(fpinit.o)
    0x000038a6   0x000038a6   0x00000000   Code   RO          317    x$fpl$usenofp       fz_wm.l(usenofp.o)
    0x000038a6   0x000038a6   0x00000002   PAD
    0x000038a8   0x000038a8   0x00000020   Data   RO          477    Region$$Table       anon$$obj.o


    Execution Region ER_RW (Exec base: 0x20000000, Load base: 0x000038c8, Size: 0x000000b8, Max: 0xffffffff, ABSOLUTE)

    Exec Addr    Load Addr    Size         Type   Attr      Idx    E Section Name        Object

    0x20000000   0x000038c8   0x00000004   Data   RW          284    .data.SystemCoreClock  system_tm4c123.o
    0x20000004   0x000038cc   0x00000009   Data   RW          100    .data.a_ledCfgPins  led_config.o
    0x2000000d   0x000038d5   0x00000006   Data   RW          188    .data.a_pushBtnCfgPins  push_button_cfg.o
    0x20000013   0x000038db   0x00000001   PAD
    0x20000014   0x000038dc   0x00000030   Data   RW          155    .data.arr_str_gconst_pwm_configs  pwm_cfg.o
    0x20000044   0x0000390c   0x00000001   Data   RW          176    .data.bool_gl_is_high  pwm_prog.o
    0x20000045   0x0000390d   0x00000001   Data   RW          259    .data.enu_gl_car_state  app.o
    0x20000046   0x0000390e   0x00000002   PAD
    0x20000048   0x00003910   0x00000008   Data   RW          179    .data.gl_str_GPT_config  pwm_prog.o
    0x20000050   0x00003918   0x00000060   Data   RW          148    .data.str_g_carMotors  dcm_cfg.o
    0x200000b0   0x00003978   0x00000008   Data   RW          260    .data.str_gl_timer  app.o


    Execution Region ER_ZI (Exec base: 0x200000b8, Load base: 0x00003980, Size: 0x00000368, Max: 0xffffffff, ABSOLUTE)

    Exec Addr    Load Addr    Size         Type   Attr      Idx    E Section Name        Object

    0x200000b8        -       0x00000060   Zero   RW          344    .bss                c_w.l(libspace.o)
    0x20000118        -       0x00000020   Zero   RW           43    .bss.GPIO_ptrFuncportaIrqCallback  gpio_prog.o
    0x20000138        -       0x00000020   Zero   RW           44    .bss.GPIO_ptrFuncportbIrqCallback  gpio_prog.o
    0x20000158        -       0x00000020   Zero   RW           45    .bss.GPIO_ptrFuncportcIrqCallback  gpio_prog.o
    0x20000178        -       0x00000020   Zero   RW           46    .bss.GPIO_ptrFuncportdIrqCallback  gpio_prog.o
    0x20000198        -       0x00000018   Zero   RW           47    .bss.GPIO_ptrFuncporteIrqCallback  gpio_prog.o
    0x200001b0        -       0x00000020   Zero   RW           48    .bss.GPIO_ptrFuncportfIrqCallback  gpio_prog.o
    0x200001d0        -       0x00000001   Zero   RW          258    .bss.bool_gl_idle_stop  app.o
    0x200001d1        -       0x00000002   Zero   RW          174    .bss.bool_gl_is_init  pwm_prog.o
    0x200001d3        -       0x00000001   Zero   RW          256    .bss.bool_gl_is_timeOut  app.o
    0x200001d4        -       0x00000001   Zero   RW          175    .bss.bool_gl_is_timer_init  pwm_prog.o
    0x200001d5        -       0x00000001   Zero   RW          257    .bss.bool_gl_lock_state  app.o
    0x200001d6        -       0x0000000c   Zero   RW           81    .bss.bool_gs_is_timer_init  gpt_program.o
    0x200001e2   0x00003980   0x00000002   PAD
    0x200001e4        -       0x00000030   Zero   RW           82    .bss.ptrf_gs_array  gpt_program.o
    0x20000214        -       0x00000002   Zero   RW          177    .bss.u16_gs_high_period  pwm_prog.o
    0x20000216        -       0x00000002   Zero   RW          178    .bss.u16_gs_low_period  pwm_prog.o
    0x20000218        -       0x00000001   Zero   RW          255    .bss.u8_gl_stop_or_rotate  app.o
    0x20000219   0x00003980   0x00000007   PAD
    0x20000220        -       0x00000000   Zero   RW          269    HEAP                startup_tm4c123.o
    0x20000220        -       0x00000200   Zero   RW          268    STACK               startup_tm4c123.o


==============================================================================

Image component sizes


      Code (inc. data)   RO Data    RW Data    ZI Data      Debug   Object Name

      1446          0          0          9          4       3879   app.o
       660          0          0          0          0       4785   dc_motor_prog.o
         0          0          0         96          0       2583   dcm_cfg.o
      5732          0          0          0        184      10802   gpio_prog.o
      2130         24          0          0         60       7396   gpt_program.o
       192          0          0          0          0       3674   htimer_program.o
         0          0          0          9          0        988   led_config.o
       410          0          0          0          0       4296   led_prog.o
        20          0          0          0          0        336   main.o
         0          0          0          6          0       1085   push_button_cfg.o
       392          0          0          0          0       4141   push_button_prog.o
         0          0          0         48          0       2542   pwm_cfg.o
       496          0          0          9          7       3317   pwm_prog.o
       276         24        620          0        512       5452   startup_tm4c123.o
       268          0          0          4          0       6713   system_tm4c123.o

    ----------------------------------------------------------------------
     12080         48        652        184        776      61989   Object Totals
         0          0         32          0          0          0   (incl. Generated)
        58          0          0          3          9          0   (incl. Padding)

    ----------------------------------------------------------------------

      Code (inc. data)   RO Data    RW Data    ZI Data      Debug   Library Member Name

         8          0          0          0          0         68   __main.o
         0          0          0          0          0          0   __rtentry.o
        12          0          0          0          0          0   __rtentry2.o
         6          0          0          0          0          0   __rtentry4.o
        52          8          0          0          0          0   __scatter.o
        26          0          0          0          0          0   __scatter_copy.o
        28          0          0          0          0          0   __scatter_zi.o
       302          0          0          0          0        168   _get_argv_nomalloc.o
         4          0          0          0          0         68   argv_veneer.o
        10          0          0          0          0         68   defsig_exit.o
        50          0          0          0          0         88   defsig_general.o
        80         58          0          0          0         76   defsig_rtmem_inner.o
        14          0          0          0          0         80   defsig_rtmem_outer.o
        18          0          0          0          0         80   exit.o
         6          0          0          0          0        152   heapauxi.o
         4          0          0          0          0        136   hrguard.o
         0          0          0          0          0          0   indicate_semi.o
         2          0          0          0          0          0   libinit.o
        14          0          0          0          0          0   libinit2.o
         2          0          0          0          0          0   libshutdown.o
         2          0          0          0          0          0   libshutdown2.o
         8          4          0          0         96         68   libspace.o
         2          0          0          0          0          0   rtexit.o
        10          0          0          0          0          0   rtexit2.o
        24          0          0          0          0         76   sys_command.o
        12          4          0          0          0         68   sys_exit.o
        74          0          0          0          0         80   sys_stackheap_outer.o
        14          0          0          0          0         76   sys_wrch.o
         2          0          0          0          0         68   use_no_semi.o
       688        140          0          0          0        264   ddiv.o
        90          4          0          0          0        140   dfixu.o
        38          0          0          0          0        116   dflt_clz.o
       156          4          0          0          0        140   dnaninf.o
        12          0          0          0          0        116   dretinf.o
        26          0          0          0          0        116   fpinit.o
         0          0          0          0          0          0   usenofp.o

    ----------------------------------------------------------------------
      1804        222          0          0         96       2312   Library Totals
         8          0          0          0          0          0   (incl. Padding)

    ----------------------------------------------------------------------

      Code (inc. data)   RO Data    RW Data    ZI Data      Debug   Library Name

       786         74          0          0         96       1420   c_w.l
      1010        148          0          0          0        892   fz_wm.l

    ----------------------------------------------------------------------
      1804        222          0          0         96       2312   Library Totals

    ----------------------------------------------------------------------

==============================================================================


      Code (inc. data)   RO Data    RW Data    ZI Data      Debug   

     13884        270        652        184        872      62981   Grand Totals
     13884        270        652        184        872      62981   ELF Image Totals
     13884        270        652        184          0          0   ROM Totals

==============================================================================

    Total RO  Size (Code + RO Data)                14536 (  14.20kB)
    Total RW  Size (RW Data + ZI Data)              1056 (   1.03kB)
    Total ROM Size (Code + RO Data + RW Data)      14720 (  14.38kB)

==============================================================================

